 SKKU Notice Checker v2.0.0

 Timestamp is 5c2a11bd (Mon Dec 31 21:55:25 2018)

 Preferred load address is 00400000

 Start         Length     Name                   Class
 0001:00000000 000002a8H .idata$5                CODE
 0001:000002a8 000014ccH .rdata                  CODE
 0001:00001780 0001b514H .text                   CODE
 0001:0001cca0 00000004H .text$0                 CODE
 0001:0001ccb0 000296d5H .text$1                 CODE
 0001:00046390 00000004H .text$2                 CODE
 0001:00046394 00000014H .idata$2                CODE
 0001:000463a8 00000014H .idata$3                CODE
 0001:000463bc 000002a8H .idata$4                CODE
 0001:00046664 00000910H .idata$6                CODE
 0001:00046f74 00000000H .edata                  CODE
 0002:00000000 00000004H .data                   DATA
 0002:00000008 00004844H .bss                    DATA
 0003:00000000 00000148H .rsrc$01                DATA
 0003:00000150 00003e20H .rsrc$02                DATA

  Address         Publics by Value              Rva+Base     Lib:Object

 0001:00000004       __imp_@__vbaStrI2          00401004     SKKU Notice Checker v2.0.0.OBJ
 0001:00000004       __imp____vbaStrI2          00401004     SKKU Notice Checker v2.0.0.OBJ
 0001:00000008       __imp____vbaVargParmRef    00401008     SKKU Notice Checker v2.0.0.OBJ
 0001:00000008       __imp_@__vbaVargParmRef    00401008     SKKU Notice Checker v2.0.0.OBJ
 0001:0000000c       __imp___CIcos              0040100c     SKKU Notice Checker v2.0.0.OBJ
 0001:00000010       __imp___adj_fptan          00401010     SKKU Notice Checker v2.0.0.OBJ
 0001:00000014       __imp____vbaStrI4          00401014     SKKU Notice Checker v2.0.0.OBJ
 0001:00000014       __imp_@__vbaStrI4          00401014     SKKU Notice Checker v2.0.0.OBJ
 0001:00000018       __imp_@__vbaVarMove        00401018     SKKU Notice Checker v2.0.0.OBJ
 0001:00000018       __imp____vbaVarMove        00401018     SKKU Notice Checker v2.0.0.OBJ
 0001:0000001c       __imp____vbaVarVargNofree  0040101c     SKKU Notice Checker v2.0.0.OBJ
 0001:0000001c       __imp_@__vbaVarVargNofree  0040101c     SKKU Notice Checker v2.0.0.OBJ
 0001:00000020       __imp____vbaAryMove        00401020     SKKU Notice Checker v2.0.0.OBJ
 0001:00000020       __imp_@__vbaAryMove        00401020     SKKU Notice Checker v2.0.0.OBJ
 0001:00000024       __imp_@__vbaFreeVar        00401024     SKKU Notice Checker v2.0.0.OBJ
 0001:00000024       __imp____vbaFreeVar        00401024     SKKU Notice Checker v2.0.0.OBJ
 0001:00000028       __imp_@__vbaLateIdCall     00401028     SKKU Notice Checker v2.0.0.OBJ
 0001:00000028       __imp____vbaLateIdCall     00401028     SKKU Notice Checker v2.0.0.OBJ
 0001:0000002c       __imp____vba@06A81E4C      0040102c     SKKU Notice Checker v2.0.0.OBJ
 0001:0000002c       __imp_@__vba@06A81E4C      0040102c     SKKU Notice Checker v2.0.0.OBJ
 0001:00000030       __imp_@__vbaStrVarMove     00401030     SKKU Notice Checker v2.0.0.OBJ
 0001:00000030       __imp____vbaStrVarMove     00401030     SKKU Notice Checker v2.0.0.OBJ
 0001:00000034       __imp____vbaLenBstr        00401034     SKKU Notice Checker v2.0.0.OBJ
 0001:00000034       __imp_@__vbaLenBstr        00401034     SKKU Notice Checker v2.0.0.OBJ
 0001:00000038       __imp____vbaLineInputStr   00401038     SKKU Notice Checker v2.0.0.OBJ
 0001:00000038       __imp_@__vbaLineInputStr   00401038     SKKU Notice Checker v2.0.0.OBJ
 0001:0000003c       __imp____vbaFreeVarList    0040103c     SKKU Notice Checker v2.0.0.OBJ
 0001:0000003c       __imp_@__vbaFreeVarList    0040103c     SKKU Notice Checker v2.0.0.OBJ
 0001:00000040       __imp____vbaEnd            00401040     SKKU Notice Checker v2.0.0.OBJ
 0001:00000040       __imp_@__vbaEnd            00401040     SKKU Notice Checker v2.0.0.OBJ
 0001:00000044       __imp___adj_fdiv_m64       00401044     SKKU Notice Checker v2.0.0.OBJ
 0001:0000004c       __imp_@__vbaRaiseEvent     0040104c     SKKU Notice Checker v2.0.0.OBJ
 0001:0000004c       __imp____vbaRaiseEvent     0040104c     SKKU Notice Checker v2.0.0.OBJ
 0001:00000050       __imp____vbaFreeObjList    00401050     SKKU Notice Checker v2.0.0.OBJ
 0001:00000050       __imp_@__vbaFreeObjList    00401050     SKKU Notice Checker v2.0.0.OBJ
 0001:00000054       __imp____vba@06A833EC      00401054     SKKU Notice Checker v2.0.0.OBJ
 0001:00000054       __imp_@__vba@06A833EC      00401054     SKKU Notice Checker v2.0.0.OBJ
 0001:00000058       __imp___adj_fprem1         00401058     SKKU Notice Checker v2.0.0.OBJ
 0001:0000005c       __imp_@__vbaRecAnsiToUni   0040105c     SKKU Notice Checker v2.0.0.OBJ
 0001:0000005c       __imp____vbaRecAnsiToUni   0040105c     SKKU Notice Checker v2.0.0.OBJ
 0001:00000060       __imp_@__vbaVarSetVarAddref 00401060     SKKU Notice Checker v2.0.0.OBJ
 0001:00000060       __imp____vbaVarSetVarAddref 00401060     SKKU Notice Checker v2.0.0.OBJ
 0001:00000064       __imp_@__vbaCopyBytes      00401064     SKKU Notice Checker v2.0.0.OBJ
 0001:00000064       __imp____vbaCopyBytes      00401064     SKKU Notice Checker v2.0.0.OBJ
 0001:00000068       __imp____vbaVarCmpNe       00401068     SKKU Notice Checker v2.0.0.OBJ
 0001:00000068       __imp_@__vbaVarCmpNe       00401068     SKKU Notice Checker v2.0.0.OBJ
 0001:0000006c       __imp_@__vbaForEachCollAd  0040106c     SKKU Notice Checker v2.0.0.OBJ
 0001:0000006c       __imp____vbaForEachCollAd  0040106c     SKKU Notice Checker v2.0.0.OBJ
 0001:00000070       __imp____vbaStrCat         00401070     SKKU Notice Checker v2.0.0.OBJ
 0001:00000070       __imp_@__vbaStrCat         00401070     SKKU Notice Checker v2.0.0.OBJ
 0001:00000074       __imp____vbaLsetFixstr     00401074     SKKU Notice Checker v2.0.0.OBJ
 0001:00000074       __imp_@__vbaLsetFixstr     00401074     SKKU Notice Checker v2.0.0.OBJ
 0001:00000078       __imp_@__vbaRecDestruct    00401078     SKKU Notice Checker v2.0.0.OBJ
 0001:00000078       __imp____vbaRecDestruct    00401078     SKKU Notice Checker v2.0.0.OBJ
 0001:0000007c       __imp_@__vbaSetSystemError 0040107c     SKKU Notice Checker v2.0.0.OBJ
 0001:0000007c       __imp____vbaSetSystemError 0040107c     SKKU Notice Checker v2.0.0.OBJ
 0001:00000080       __imp____vbaHresultCheckObj 00401080     SKKU Notice Checker v2.0.0.OBJ
 0001:00000080       __imp_@__vbaHresultCheckObj 00401080     SKKU Notice Checker v2.0.0.OBJ
 0001:00000084       __imp___adj_fdiv_m32       00401084     SKKU Notice Checker v2.0.0.OBJ
 0001:00000088       __imp____vbaAryVar         00401088     SKKU Notice Checker v2.0.0.OBJ
 0001:00000088       __imp_@__vbaAryVar         00401088     SKKU Notice Checker v2.0.0.OBJ
 0001:00000090       __imp_@__vbaAryDestruct    00401090     SKKU Notice Checker v2.0.0.OBJ
 0001:00000090       __imp____vbaAryDestruct    00401090     SKKU Notice Checker v2.0.0.OBJ
 0001:00000094       __imp____vbaVarIndexLoadRefLock 00401094     SKKU Notice Checker v2.0.0.OBJ
 0001:00000094       __imp_@__vbaVarIndexLoadRefLock 00401094     SKKU Notice Checker v2.0.0.OBJ
 0001:00000098       __imp_@__vbaLateMemSt      00401098     SKKU Notice Checker v2.0.0.OBJ
 0001:00000098       __imp____vbaLateMemSt      00401098     SKKU Notice Checker v2.0.0.OBJ
 0001:0000009c       __imp_@__vbaVarForInit     0040109c     SKKU Notice Checker v2.0.0.OBJ
 0001:0000009c       __imp____vbaVarForInit     0040109c     SKKU Notice Checker v2.0.0.OBJ
 0001:000000a0       __imp____vbaExitProc       004010a0     SKKU Notice Checker v2.0.0.OBJ
 0001:000000a0       __imp_@__vbaExitProc       004010a0     SKKU Notice Checker v2.0.0.OBJ
 0001:000000a8       __imp____vba@09D4C010      004010a8     SKKU Notice Checker v2.0.0.OBJ
 0001:000000a8       __imp_@__vba@09D4C010      004010a8     SKKU Notice Checker v2.0.0.OBJ
 0001:000000ac       __imp_@__vbaOnError        004010ac     SKKU Notice Checker v2.0.0.OBJ
 0001:000000ac       __imp____vbaOnError        004010ac     SKKU Notice Checker v2.0.0.OBJ
 0001:000000b0       __imp____vbaObjSet         004010b0     SKKU Notice Checker v2.0.0.OBJ
 0001:000000b0       __imp_@__vbaObjSet         004010b0     SKKU Notice Checker v2.0.0.OBJ
 0001:000000b4       __imp___adj_fdiv_m16i      004010b4     SKKU Notice Checker v2.0.0.OBJ
 0001:000000bc       __imp_@__vbaObjSetAddref   004010bc     SKKU Notice Checker v2.0.0.OBJ
 0001:000000bc       __imp____vbaObjSetAddref   004010bc     SKKU Notice Checker v2.0.0.OBJ
 0001:000000c0       __imp___adj_fdivr_m16i     004010c0     SKKU Notice Checker v2.0.0.OBJ
 0001:000000c4       __imp_@__vba@06A833B4      004010c4     SKKU Notice Checker v2.0.0.OBJ
 0001:000000c4       __imp____vba@06A833B4      004010c4     SKKU Notice Checker v2.0.0.OBJ
 0001:000000c8       __imp_@__vbaVarIndexLoad   004010c8     SKKU Notice Checker v2.0.0.OBJ
 0001:000000c8       __imp____vbaVarIndexLoad   004010c8     SKKU Notice Checker v2.0.0.OBJ
 0001:000000cc       __imp_@__vbaFpR4           004010cc     SKKU Notice Checker v2.0.0.OBJ
 0001:000000cc       __imp____vbaFpR4           004010cc     SKKU Notice Checker v2.0.0.OBJ
 0001:000000d0       __imp____vba@06A8337C      004010d0     SKKU Notice Checker v2.0.0.OBJ
 0001:000000d0       __imp_@__vba@06A8337C      004010d0     SKKU Notice Checker v2.0.0.OBJ
 0001:000000d8       __imp____vbaBoolVar        004010d8     SKKU Notice Checker v2.0.0.OBJ
 0001:000000d8       __imp_@__vbaBoolVar        004010d8     SKKU Notice Checker v2.0.0.OBJ
 0001:000000dc       __imp____vba@09D481CC      004010dc     SKKU Notice Checker v2.0.0.OBJ
 0001:000000dc       __imp_@__vba@09D481CC      004010dc     SKKU Notice Checker v2.0.0.OBJ
 0001:000000e4       __imp____vbaFpR8           004010e4     SKKU Notice Checker v2.0.0.OBJ
 0001:000000e4       __imp_@__vbaFpR8           004010e4     SKKU Notice Checker v2.0.0.OBJ
 0001:000000e8       __imp_@__vbaBoolVarNull    004010e8     SKKU Notice Checker v2.0.0.OBJ
 0001:000000e8       __imp____vbaBoolVarNull    004010e8     SKKU Notice Checker v2.0.0.OBJ
 0001:000000ec       __imp___CIsin              004010ec     SKKU Notice Checker v2.0.0.OBJ
 0001:000000f0       __imp____vba@06A83424      004010f0     SKKU Notice Checker v2.0.0.OBJ
 0001:000000f0       __imp_@__vba@06A83424      004010f0     SKKU Notice Checker v2.0.0.OBJ
 0001:000000f4       __imp____vbaErase          004010f4     SKKU Notice Checker v2.0.0.OBJ
 0001:000000f4       __imp_@__vbaErase          004010f4     SKKU Notice Checker v2.0.0.OBJ
 0001:000000f8       __imp____vba@09D48194      004010f8     SKKU Notice Checker v2.0.0.OBJ
 0001:000000f8       __imp_@__vba@09D48194      004010f8     SKKU Notice Checker v2.0.0.OBJ
 0001:000000fc       __imp____vbaChkstk         004010fc     SKKU Notice Checker v2.0.0.OBJ
 0001:00000100       __imp____vbaFileClose      00401100     SKKU Notice Checker v2.0.0.OBJ
 0001:00000100       __imp_@__vbaFileClose      00401100     SKKU Notice Checker v2.0.0.OBJ
 0001:00000108       __imp____vbaGenerateBoundsError 00401108     SKKU Notice Checker v2.0.0.OBJ
 0001:00000108       __imp_@__vbaGenerateBoundsError 00401108     SKKU Notice Checker v2.0.0.OBJ
 0001:0000010c       __imp____vbaStrCmp         0040110c     SKKU Notice Checker v2.0.0.OBJ
 0001:0000010c       __imp_@__vbaStrCmp         0040110c     SKKU Notice Checker v2.0.0.OBJ
 0001:00000110       __imp_@__vbaAryConstruct2  00401110     SKKU Notice Checker v2.0.0.OBJ
 0001:00000110       __imp____vbaAryConstruct2  00401110     SKKU Notice Checker v2.0.0.OBJ
 0001:00000114       __imp_@__vbaVarTstEq       00401114     SKKU Notice Checker v2.0.0.OBJ
 0001:00000114       __imp____vbaVarTstEq       00401114     SKKU Notice Checker v2.0.0.OBJ
 0001:00000118       __imp____vbaObjVar         00401118     SKKU Notice Checker v2.0.0.OBJ
 0001:00000118       __imp_@__vbaObjVar         00401118     SKKU Notice Checker v2.0.0.OBJ
 0001:0000011c       __imp____vbaI2I4           0040111c     SKKU Notice Checker v2.0.0.OBJ
 0001:0000011c       __imp_@__vbaI2I4           0040111c     SKKU Notice Checker v2.0.0.OBJ
 0001:00000124       __imp____vbaVarOr          00401124     SKKU Notice Checker v2.0.0.OBJ
 0001:00000124       __imp_@__vbaVarOr          00401124     SKKU Notice Checker v2.0.0.OBJ
 0001:00000128       __imp____vba@09D48D00      00401128     SKKU Notice Checker v2.0.0.OBJ
 0001:00000128       __imp_@__vba@09D48D00      00401128     SKKU Notice Checker v2.0.0.OBJ
 0001:0000012c       __imp____vbaFpUI1          0040112c     SKKU Notice Checker v2.0.0.OBJ
 0001:0000012c       __imp_@__vbaFpUI1          0040112c     SKKU Notice Checker v2.0.0.OBJ
 0001:00000130       __imp____vbaCastObjVar     00401130     SKKU Notice Checker v2.0.0.OBJ
 0001:00000130       __imp_@__vbaCastObjVar     00401130     SKKU Notice Checker v2.0.0.OBJ
 0001:00000134       __imp____vbaRedimPreserve  00401134     SKKU Notice Checker v2.0.0.OBJ
 0001:00000134       __imp_@__vbaRedimPreserve  00401134     SKKU Notice Checker v2.0.0.OBJ
 0001:00000138       __imp_@__vbaLbound         00401138     SKKU Notice Checker v2.0.0.OBJ
 0001:00000138       __imp____vbaLbound         00401138     SKKU Notice Checker v2.0.0.OBJ
 0001:0000013c       __imp___adj_fpatan         0040113c     SKKU Notice Checker v2.0.0.OBJ
 0001:00000140       __imp____vbaLateIdCallLd   00401140     SKKU Notice Checker v2.0.0.OBJ
 0001:00000140       __imp_@__vbaLateIdCallLd   00401140     SKKU Notice Checker v2.0.0.OBJ
 0001:00000148       __imp_@__vbaRedim          00401148     SKKU Notice Checker v2.0.0.OBJ
 0001:00000148       __imp____vbaRedim          00401148     SKKU Notice Checker v2.0.0.OBJ
 0001:0000014c       __imp_@__vbaRecUniToAnsi   0040114c     SKKU Notice Checker v2.0.0.OBJ
 0001:0000014c       __imp____vbaRecUniToAnsi   0040114c     SKKU Notice Checker v2.0.0.OBJ
 0001:00000154       __imp_@__vbaNew            00401154     SKKU Notice Checker v2.0.0.OBJ
 0001:00000154       __imp____vbaNew            00401154     SKKU Notice Checker v2.0.0.OBJ
 0001:00000158       __imp____vba@09D461A0      00401158     SKKU Notice Checker v2.0.0.OBJ
 0001:00000158       __imp_@__vba@09D461A0      00401158     SKKU Notice Checker v2.0.0.OBJ
 0001:0000015c       __imp____vbaUI1I2          0040115c     SKKU Notice Checker v2.0.0.OBJ
 0001:0000015c       __imp_@__vbaUI1I2          0040115c     SKKU Notice Checker v2.0.0.OBJ
 0001:00000160       __imp___CIsqrt             00401160     SKKU Notice Checker v2.0.0.OBJ
 0001:00000164       __imp_@__vbaObjIs          00401164     SKKU Notice Checker v2.0.0.OBJ
 0001:00000164       __imp____vbaObjIs          00401164     SKKU Notice Checker v2.0.0.OBJ
 0001:00000168       __imp_@__vbaVarAnd         00401168     SKKU Notice Checker v2.0.0.OBJ
 0001:00000168       __imp____vbaVarAnd         00401168     SKKU Notice Checker v2.0.0.OBJ
 0001:00000170       __imp_@__vbaUI1I4          00401170     SKKU Notice Checker v2.0.0.OBJ
 0001:00000170       __imp____vbaUI1I4          00401170     SKKU Notice Checker v2.0.0.OBJ
 0001:00000174       __imp____vbaExceptHandler  00401174     SKKU Notice Checker v2.0.0.OBJ
 0001:00000178       __imp_@__vba@09D43CD4      00401178     SKKU Notice Checker v2.0.0.OBJ
 0001:00000178       __imp____vba@09D43CD4      00401178     SKKU Notice Checker v2.0.0.OBJ
 0001:0000017c       __imp____vbaStrToUnicode   0040117c     SKKU Notice Checker v2.0.0.OBJ
 0001:0000017c       __imp_@__vbaStrToUnicode   0040117c     SKKU Notice Checker v2.0.0.OBJ
 0001:00000180       __imp____vba@09D47ABC      00401180     SKKU Notice Checker v2.0.0.OBJ
 0001:00000180       __imp_@__vba@09D47ABC      00401180     SKKU Notice Checker v2.0.0.OBJ
 0001:00000184       __imp____vbaPrintFile      00401184     SKKU Notice Checker v2.0.0.OBJ
 0001:00000184       __imp_@__vbaPrintFile      00401184     SKKU Notice Checker v2.0.0.OBJ
 0001:00000188       __imp_@__vba@09D4B000      00401188     SKKU Notice Checker v2.0.0.OBJ
 0001:00000188       __imp____vba@09D4B000      00401188     SKKU Notice Checker v2.0.0.OBJ
 0001:0000018c       __imp___adj_fprem          0040118c     SKKU Notice Checker v2.0.0.OBJ
 0001:00000190       __imp___adj_fdivr_m64      00401190     SKKU Notice Checker v2.0.0.OBJ
 0001:00000194       __imp____vbaI2Str          00401194     SKKU Notice Checker v2.0.0.OBJ
 0001:00000194       __imp_@__vbaI2Str          00401194     SKKU Notice Checker v2.0.0.OBJ
 0001:00000198       __imp_@__vba@06A800CC      00401198     SKKU Notice Checker v2.0.0.OBJ
 0001:00000198       __imp____vba@06A800CC      00401198     SKKU Notice Checker v2.0.0.OBJ
 0001:0000019c       __imp____vbaFPException    0040119c     SKKU Notice Checker v2.0.0.OBJ
 0001:000001a0       __imp_@__vba@06A8075C      004011a0     SKKU Notice Checker v2.0.0.OBJ
 0001:000001a0       __imp____vba@06A8075C      004011a0     SKKU Notice Checker v2.0.0.OBJ
 0001:000001a4       __imp_@__vbaInStrVar       004011a4     SKKU Notice Checker v2.0.0.OBJ
 0001:000001a4       __imp____vbaInStrVar       004011a4     SKKU Notice Checker v2.0.0.OBJ
 0001:000001ac       __imp_@__vbaStrVarVal      004011ac     SKKU Notice Checker v2.0.0.OBJ
 0001:000001ac       __imp____vbaStrVarVal      004011ac     SKKU Notice Checker v2.0.0.OBJ
 0001:000001b0       __imp____vbaUbound         004011b0     SKKU Notice Checker v2.0.0.OBJ
 0001:000001b0       __imp_@__vbaUbound         004011b0     SKKU Notice Checker v2.0.0.OBJ
 0001:000001b4       __imp____vbaVarCat         004011b4     SKKU Notice Checker v2.0.0.OBJ
 0001:000001b4       __imp_@__vbaVarCat         004011b4     SKKU Notice Checker v2.0.0.OBJ
 0001:000001b8       __imp_@__vba@06A82CDC      004011b8     SKKU Notice Checker v2.0.0.OBJ
 0001:000001b8       __imp____vba@06A82CDC      004011b8     SKKU Notice Checker v2.0.0.OBJ
 0001:000001bc       __imp_@__vbaCheckType      004011bc     SKKU Notice Checker v2.0.0.OBJ
 0001:000001bc       __imp____vbaCheckType      004011bc     SKKU Notice Checker v2.0.0.OBJ
 0001:000001c0       __imp_@__vbaI2Var          004011c0     SKKU Notice Checker v2.0.0.OBJ
 0001:000001c0       __imp____vbaI2Var          004011c0     SKKU Notice Checker v2.0.0.OBJ
 0001:000001c4       __imp____vba@09D48DB8      004011c4     SKKU Notice Checker v2.0.0.OBJ
 0001:000001c4       __imp_@__vba@09D48DB8      004011c4     SKKU Notice Checker v2.0.0.OBJ
 0001:000001c8       __imp_@__vba@09D463F4      004011c8     SKKU Notice Checker v2.0.0.OBJ
 0001:000001c8       __imp____vba@09D463F4      004011c8     SKKU Notice Checker v2.0.0.OBJ
 0001:000001cc       __imp___CIlog              004011cc     SKKU Notice Checker v2.0.0.OBJ
 0001:000001d0       __imp____vbaErrorOverflow  004011d0     SKKU Notice Checker v2.0.0.OBJ
 0001:000001d0       __imp_@__vbaErrorOverflow  004011d0     SKKU Notice Checker v2.0.0.OBJ
 0001:000001d4       __imp_@__vbaFileOpen       004011d4     SKKU Notice Checker v2.0.0.OBJ
 0001:000001d4       __imp____vbaFileOpen       004011d4     SKKU Notice Checker v2.0.0.OBJ
 0001:000001d8       __imp_@__vbaVar2Vec        004011d8     SKKU Notice Checker v2.0.0.OBJ
 0001:000001d8       __imp____vbaVar2Vec        004011d8     SKKU Notice Checker v2.0.0.OBJ
 0001:000001dc       __imp____vbaR8Str          004011dc     SKKU Notice Checker v2.0.0.OBJ
 0001:000001dc       __imp_@__vbaR8Str          004011dc     SKKU Notice Checker v2.0.0.OBJ
 0001:000001e0       __imp____vbaNew2           004011e0     SKKU Notice Checker v2.0.0.OBJ
 0001:000001e0       __imp_@__vbaNew2           004011e0     SKKU Notice Checker v2.0.0.OBJ
 0001:000001e4       __imp____vbaInStr          004011e4     SKKU Notice Checker v2.0.0.OBJ
 0001:000001e4       __imp_@__vbaInStr          004011e4     SKKU Notice Checker v2.0.0.OBJ
 0001:000001e8       __imp_@__vba@09D4642C      004011e8     SKKU Notice Checker v2.0.0.OBJ
 0001:000001e8       __imp____vba@09D4642C      004011e8     SKKU Notice Checker v2.0.0.OBJ
 0001:000001ec       __imp____vba@06A8160C      004011ec     SKKU Notice Checker v2.0.0.OBJ
 0001:000001ec       __imp_@__vba@06A8160C      004011ec     SKKU Notice Checker v2.0.0.OBJ
 0001:000001f0       __imp___adj_fdiv_m32i      004011f0     SKKU Notice Checker v2.0.0.OBJ
 0001:000001f4       __imp___adj_fdivr_m32i     004011f4     SKKU Notice Checker v2.0.0.OBJ
 0001:000001f8       __imp____vbaStrCopy        004011f8     SKKU Notice Checker v2.0.0.OBJ
 0001:000001f8       __imp_@__vbaStrCopy        004011f8     SKKU Notice Checker v2.0.0.OBJ
 0001:000001fc       __imp____vba@06A81D7C      004011fc     SKKU Notice Checker v2.0.0.OBJ
 0001:000001fc       __imp_@__vba@06A81D7C      004011fc     SKKU Notice Checker v2.0.0.OBJ
 0001:00000200       __imp____vbaVarNot         00401200     SKKU Notice Checker v2.0.0.OBJ
 0001:00000200       __imp_@__vbaVarNot         00401200     SKKU Notice Checker v2.0.0.OBJ
 0001:00000204       __imp____vbaFreeStrList    00401204     SKKU Notice Checker v2.0.0.OBJ
 0001:00000204       __imp_@__vbaFreeStrList    00401204     SKKU Notice Checker v2.0.0.OBJ
 0001:00000208       __imp___adj_fdivr_m32      00401208     SKKU Notice Checker v2.0.0.OBJ
 0001:0000020c       __imp___adj_fdiv_r         0040120c     SKKU Notice Checker v2.0.0.OBJ
 0001:00000210       __imp____vba@09D48D80      00401210     SKKU Notice Checker v2.0.0.OBJ
 0001:00000210       __imp_@__vba@09D48D80      00401210     SKKU Notice Checker v2.0.0.OBJ
 0001:00000218       __imp____vbaVarTstNe       00401218     SKKU Notice Checker v2.0.0.OBJ
 0001:00000218       __imp_@__vbaVarTstNe       00401218     SKKU Notice Checker v2.0.0.OBJ
 0001:0000021c       __imp_@__vbaVarSetVar      0040121c     SKKU Notice Checker v2.0.0.OBJ
 0001:0000021c       __imp____vbaVarSetVar      0040121c     SKKU Notice Checker v2.0.0.OBJ
 0001:00000220       __imp_@__vbaI4Var          00401220     SKKU Notice Checker v2.0.0.OBJ
 0001:00000220       __imp____vbaI4Var          00401220     SKKU Notice Checker v2.0.0.OBJ
 0001:00000224       __imp_@__vbaVarCmpEq       00401224     SKKU Notice Checker v2.0.0.OBJ
 0001:00000224       __imp____vbaVarCmpEq       00401224     SKKU Notice Checker v2.0.0.OBJ
 0001:00000228       __imp____vbaVarAdd         00401228     SKKU Notice Checker v2.0.0.OBJ
 0001:00000228       __imp_@__vbaVarAdd         00401228     SKKU Notice Checker v2.0.0.OBJ
 0001:0000022c       __imp_@__vbaLateMemCall    0040122c     SKKU Notice Checker v2.0.0.OBJ
 0001:0000022c       __imp____vbaLateMemCall    0040122c     SKKU Notice Checker v2.0.0.OBJ
 0001:00000230       __imp_@__vbaAryLock        00401230     SKKU Notice Checker v2.0.0.OBJ
 0001:00000230       __imp____vbaAryLock        00401230     SKKU Notice Checker v2.0.0.OBJ
 0001:00000238       __imp____vbaStrToAnsi      00401238     SKKU Notice Checker v2.0.0.OBJ
 0001:00000238       __imp_@__vbaStrToAnsi      00401238     SKKU Notice Checker v2.0.0.OBJ
 0001:0000023c       __imp_@__vbaStrComp        0040123c     SKKU Notice Checker v2.0.0.OBJ
 0001:0000023c       __imp____vbaStrComp        0040123c     SKKU Notice Checker v2.0.0.OBJ
 0001:00000240       __imp____vbaVarDup         00401240     SKKU Notice Checker v2.0.0.OBJ
 0001:00000240       __imp_@__vbaVarDup         00401240     SKKU Notice Checker v2.0.0.OBJ
 0001:00000248       __imp_@__vbaFpI2           00401248     SKKU Notice Checker v2.0.0.OBJ
 0001:00000248       __imp____vbaFpI2           00401248     SKKU Notice Checker v2.0.0.OBJ
 0001:0000024c       __imp____vbaFpI4           0040124c     SKKU Notice Checker v2.0.0.OBJ
 0001:0000024c       __imp_@__vbaFpI4           0040124c     SKKU Notice Checker v2.0.0.OBJ
 0001:00000250       __imp____vbaVarLateMemCallLd 00401250     SKKU Notice Checker v2.0.0.OBJ
 0001:00000250       __imp_@__vbaVarLateMemCallLd 00401250     SKKU Notice Checker v2.0.0.OBJ
 0001:00000254       __imp_@__vba@09D4AFC8      00401254     SKKU Notice Checker v2.0.0.OBJ
 0001:00000254       __imp____vba@09D4AFC8      00401254     SKKU Notice Checker v2.0.0.OBJ
 0001:00000258       __imp____vbaVarCopy        00401258     SKKU Notice Checker v2.0.0.OBJ
 0001:00000258       __imp_@__vbaVarCopy        00401258     SKKU Notice Checker v2.0.0.OBJ
 0001:0000025c       __imp_@__vbaLateMemCallLd  0040125c     SKKU Notice Checker v2.0.0.OBJ
 0001:0000025c       __imp____vbaLateMemCallLd  0040125c     SKKU Notice Checker v2.0.0.OBJ
 0001:00000260       __imp____vbaRecDestructAnsi 00401260     SKKU Notice Checker v2.0.0.OBJ
 0001:00000260       __imp_@__vbaRecDestructAnsi 00401260     SKKU Notice Checker v2.0.0.OBJ
 0001:00000264       __imp_@__vba@06A835C4      00401264     SKKU Notice Checker v2.0.0.OBJ
 0001:00000264       __imp____vba@06A835C4      00401264     SKKU Notice Checker v2.0.0.OBJ
 0001:00000268       __imp___CIatan             00401268     SKKU Notice Checker v2.0.0.OBJ
 0001:0000026c       __imp____vbaStrMove        0040126c     SKKU Notice Checker v2.0.0.OBJ
 0001:0000026c       __imp_@__vbaStrMove        0040126c     SKKU Notice Checker v2.0.0.OBJ
 0001:00000270       __imp_@__vbaAryCopy        00401270     SKKU Notice Checker v2.0.0.OBJ
 0001:00000270       __imp____vbaAryCopy        00401270     SKKU Notice Checker v2.0.0.OBJ
 0001:00000274       __imp_@__vbaCastObj        00401274     SKKU Notice Checker v2.0.0.OBJ
 0001:00000274       __imp____vbaCastObj        00401274     SKKU Notice Checker v2.0.0.OBJ
 0001:00000278       __imp___allmul             00401278     SKKU Notice Checker v2.0.0.OBJ
 0001:0000027c       __imp____vbaLateIdSt       0040127c     SKKU Notice Checker v2.0.0.OBJ
 0001:0000027c       __imp_@__vbaLateIdSt       0040127c     SKKU Notice Checker v2.0.0.OBJ
 0001:00000280       __imp___CItan              00401280     SKKU Notice Checker v2.0.0.OBJ
 0001:00000284       __imp_@__vbaNextEachCollAd 00401284     SKKU Notice Checker v2.0.0.OBJ
 0001:00000284       __imp____vbaNextEachCollAd 00401284     SKKU Notice Checker v2.0.0.OBJ
 0001:00000288       __imp_@__vbaUI1Var         00401288     SKKU Notice Checker v2.0.0.OBJ
 0001:00000288       __imp____vbaUI1Var         00401288     SKKU Notice Checker v2.0.0.OBJ
 0001:0000028c       __imp____vbaAryUnlock      0040128c     SKKU Notice Checker v2.0.0.OBJ
 0001:0000028c       __imp_@__vbaAryUnlock      0040128c     SKKU Notice Checker v2.0.0.OBJ
 0001:00000290       __imp_@__vbaVarForNext     00401290     SKKU Notice Checker v2.0.0.OBJ
 0001:00000290       __imp____vbaVarForNext     00401290     SKKU Notice Checker v2.0.0.OBJ
 0001:00000294       __imp___CIexp              00401294     SKKU Notice Checker v2.0.0.OBJ
 0001:00000298       __imp_@__vbaFreeObj        00401298     SKKU Notice Checker v2.0.0.OBJ
 0001:00000298       __imp____vbaFreeObj        00401298     SKKU Notice Checker v2.0.0.OBJ
 0001:0000029c       __imp_@__vbaFreeStr        0040129c     SKKU Notice Checker v2.0.0.OBJ
 0001:0000029c       __imp____vbaFreeStr        0040129c     SKKU Notice Checker v2.0.0.OBJ
 0001:000002a0       __imp____vba@06A835FC      004012a0     SKKU Notice Checker v2.0.0.OBJ
 0001:000002a0       __imp_@__vba@06A835FC      004012a0     SKKU Notice Checker v2.0.0.OBJ
 0001:00000468       __real@8@40008000000000000000 00401468     frmSkin.OBJ
 0001:000004c8       __real@4@4009a500000000000000 004014c8     frmskinV8.OBJ
 0001:000004cc       __real@4@4001a000000000000000 004014cc     frmskinV8.OBJ
 0001:000004d0       __real@4@4007bb80000000000000 004014d0     frmskinV8.OBJ
 0001:000004d4       __real@4@4008c6c0000000000000 004014d4     frmskinV8.OBJ
 0001:000004d8       __real@4@400997e0000000000000 004014d8     frmskinV8.OBJ
 0001:00000870       __real@8@4006ff00000000000000 00401870     clsShadow.OBJ
 0001:00000980       __real@8@3ffbe147ae147ae14800 00401980     jcButton.OBJ
 0001:00000988       __real@8@3ffe970a3d70a3d70800 00401988     jcButton.OBJ
 0001:00000990       __real@8@3ffd9999999999999800 00401990     jcButton.OBJ
 0001:00000998       __real@8@3ffec000000000000000 00401998     jcButton.OBJ
 0001:000009f0       __real@8@bffbccccccccccccd000 004019f0     jcButton.OBJ
 0001:000009f8       __real@4@40028000000000000000 004019f8     jcButton.OBJ
 0001:00000a00       __real@8@4001e000000000000000 00401a00     jcButton.OBJ
 0001:00000a08       __real@8@40028000000000000000 00401a08     jcButton.OBJ
 0001:00000a10       __real@4@40018000000000000000 00401a10     jcButton.OBJ
 0001:00000bd0       __real@8@bffaccccccccccccd000 00401bd0     jcButton.OBJ
 0001:00000bd8       __real@8@bff9a3d70a3d70a3d800 00401bd8     jcButton.OBJ
 0001:00000be0       __real@8@bffcccccccccccccd000 00401be0     jcButton.OBJ
 0001:00000de8       __real@8@3ffcccccccccccccd000 00401de8     jcButton.OBJ
 0001:00000df0       __real@8@3ffca3d70a3d70a3d800 00401df0     jcButton.OBJ
 0001:00000df8       __real@8@3ffc9999999999999800 00401df8     jcButton.OBJ
 0001:00000e00       __real@8@3ffba3d70a3d70a3d800 00401e00     jcButton.OBJ
 0001:00000e08       __real@8@3ff8a3d70a3d70a3d800 00401e08     jcButton.OBJ
 0001:00000e10       __real@8@3ffaccccccccccccd000 00401e10     jcButton.OBJ
 0001:00000e18       __real@8@3ffbb851eb851eb85000 00401e18     jcButton.OBJ
 0001:00000e20       __real@8@3ffbccccccccccccd000 00401e20     jcButton.OBJ
 0001:00000e28       __real@8@bffba3d70a3d70a3d800 00401e28     jcButton.OBJ
 0001:00000e30       __real@8@bff8a3d70a3d70a3d800 00401e30     jcButton.OBJ
 0001:00000e38       __real@8@bffbf5c28f5c28f5c000 00401e38     jcButton.OBJ
 0001:00000e40       __real@8@bffd8000000000000000 00401e40     jcButton.OBJ
 0001:00000e48       __real@8@bffdccccccccccccd000 00401e48     jcButton.OBJ
 0001:00000e50       __real@8@bffceb851eb851eb8800 00401e50     jcButton.OBJ
 0001:00000e58       __real@8@bffda8f5c28f5c28f800 00401e58     jcButton.OBJ
 0001:00000e60       __real@8@bffd8f5c28f5c28f6000 00401e60     jcButton.OBJ
 0001:00000e68       __real@8@bffdb851eb851eb85000 00401e68     jcButton.OBJ
 0001:00000e70       __real@8@bff9f5c28f5c28f5c000 00401e70     jcButton.OBJ
 0001:00000e78       __real@8@3fffd999999999999800 00401e78     jcButton.OBJ
 0001:00000e80       __real@8@3fffc000000000000000 00401e80     jcButton.OBJ
 0001:00000e88       __real@8@bffc9999999999999800 00401e88     jcButton.OBJ
 0001:00000e90       __real@8@3fff8000000000000000 00401e90     jcButton.OBJ
 0001:00000e98       __real@8@bffdae147ae147ae1800 00401e98     jcButton.OBJ
 0001:00000ea0       __real@8@4000acccccccccccd000 00401ea0     jcButton.OBJ
 0001:00000ec8       __real@4@00000000000000000000 00401ec8     jcButton.OBJ
 0001:00000ecc       __real@4@4006ff00000000000000 00401ecc     jcButton.OBJ
 0001:00000f78       __real@4@4006dc00000000000000 00401f78     jcButton.OBJ
 0001:000015b0       __real@8@4008fa00000000000000 004025b0     modFade.OBJ
 0001:000015b8       __real@8@4001c000000000000000 004025b8     modFade.OBJ
 0001:00001718       __real@8@00000000000000000000 00402718     FrmSetting.OBJ
 0001:00001780       ___vbaChkstk               00402780     SKKU Notice Checker v2.0.0.OBJ
 0001:00001780       VB@TEXT                    00402780     SKKU Notice Checker v2.0.0.OBJ
 0001:00001786       ___vbaExceptHandler        00402786     SKKU Notice Checker v2.0.0.OBJ
 0001:0000178c       ___vbaFPException          0040278c     SKKU Notice Checker v2.0.0.OBJ
 0001:00001792       __adj_fdiv_m16i            00402792     SKKU Notice Checker v2.0.0.OBJ
 0001:00001798       __adj_fdiv_m32             00402798     SKKU Notice Checker v2.0.0.OBJ
 0001:0000179e       __adj_fdiv_m32i            0040279e     SKKU Notice Checker v2.0.0.OBJ
 0001:000017a4       __adj_fdiv_m64             004027a4     SKKU Notice Checker v2.0.0.OBJ
 0001:000017aa       __adj_fdiv_r               004027aa     SKKU Notice Checker v2.0.0.OBJ
 0001:000017b0       __adj_fdivr_m16i           004027b0     SKKU Notice Checker v2.0.0.OBJ
 0001:000017b6       __adj_fdivr_m32            004027b6     SKKU Notice Checker v2.0.0.OBJ
 0001:000017bc       __adj_fdivr_m32i           004027bc     SKKU Notice Checker v2.0.0.OBJ
 0001:000017c2       __adj_fdivr_m64            004027c2     SKKU Notice Checker v2.0.0.OBJ
 0001:000017c8       __adj_fpatan               004027c8     SKKU Notice Checker v2.0.0.OBJ
 0001:000017ce       __adj_fprem                004027ce     SKKU Notice Checker v2.0.0.OBJ
 0001:000017d4       __adj_fprem1               004027d4     SKKU Notice Checker v2.0.0.OBJ
 0001:000017da       __adj_fptan                004027da     SKKU Notice Checker v2.0.0.OBJ
 0001:000017e0       __CIatan                   004027e0     SKKU Notice Checker v2.0.0.OBJ
 0001:000017e6       __CIcos                    004027e6     SKKU Notice Checker v2.0.0.OBJ
 0001:000017ec       __CIexp                    004027ec     SKKU Notice Checker v2.0.0.OBJ
 0001:000017f2       __CIlog                    004027f2     SKKU Notice Checker v2.0.0.OBJ
 0001:000017f8       __CIsin                    004027f8     SKKU Notice Checker v2.0.0.OBJ
 0001:000017fe       __CIsqrt                   004027fe     SKKU Notice Checker v2.0.0.OBJ
 0001:00001804       __CItan                    00402804     SKKU Notice Checker v2.0.0.OBJ
 0001:0000180a       __allmul                   0040280a     SKKU Notice Checker v2.0.0.OBJ
 0001:00001816       @__vbaFpI2                 00402816     SKKU Notice Checker v2.0.0.OBJ
 0001:00001816       ___vbaFpI2                 00402816     SKKU Notice Checker v2.0.0.OBJ
 0001:0000181c       ___vbaPrintFile            0040281c     SKKU Notice Checker v2.0.0.OBJ
 0001:0000181c       @__vbaPrintFile            0040281c     SKKU Notice Checker v2.0.0.OBJ
 0001:00001822       ___vbaVarCopy              00402822     SKKU Notice Checker v2.0.0.OBJ
 0001:00001822       @__vbaVarCopy              00402822     SKKU Notice Checker v2.0.0.OBJ
 0001:00001828       @__vbaEnd                  00402828     SKKU Notice Checker v2.0.0.OBJ
 0001:00001828       ___vbaEnd                  00402828     SKKU Notice Checker v2.0.0.OBJ
 0001:0000182e       @__vba@09D461A0            0040282e     SKKU Notice Checker v2.0.0.OBJ
 0001:0000182e       ___vba@09D461A0            0040282e     SKKU Notice Checker v2.0.0.OBJ
 0001:00001834       ___vbaVarTstNe             00402834     SKKU Notice Checker v2.0.0.OBJ
 0001:00001834       @__vbaVarTstNe             00402834     SKKU Notice Checker v2.0.0.OBJ
 0001:0000183a       @__vbaNew                  0040283a     SKKU Notice Checker v2.0.0.OBJ
 0001:0000183a       ___vbaNew                  0040283a     SKKU Notice Checker v2.0.0.OBJ
 0001:00001840       ___vbaFileClose            00402840     SKKU Notice Checker v2.0.0.OBJ
 0001:00001840       @__vbaFileClose            00402840     SKKU Notice Checker v2.0.0.OBJ
 0001:00001846       @__vbaLineInputStr         00402846     SKKU Notice Checker v2.0.0.OBJ
 0001:00001846       ___vbaLineInputStr         00402846     SKKU Notice Checker v2.0.0.OBJ
 0001:0000184c       @__vbaI2Var                0040284c     SKKU Notice Checker v2.0.0.OBJ
 0001:0000184c       ___vbaI2Var                0040284c     SKKU Notice Checker v2.0.0.OBJ
 0001:00001852       @__vbaFileOpen             00402852     SKKU Notice Checker v2.0.0.OBJ
 0001:00001852       ___vbaFileOpen             00402852     SKKU Notice Checker v2.0.0.OBJ
 0001:00001858       @__vba@09D463F4            00402858     SKKU Notice Checker v2.0.0.OBJ
 0001:00001858       ___vba@09D463F4            00402858     SKKU Notice Checker v2.0.0.OBJ
 0001:0000185e       ___vba@09D4642C            0040285e     SKKU Notice Checker v2.0.0.OBJ
 0001:0000185e       @__vba@09D4642C            0040285e     SKKU Notice Checker v2.0.0.OBJ
 0001:00001864       @__vbaFreeObjList          00402864     SKKU Notice Checker v2.0.0.OBJ
 0001:00001864       ___vbaFreeObjList          00402864     SKKU Notice Checker v2.0.0.OBJ
 0001:0000186a       ___vbaCastObj              0040286a     SKKU Notice Checker v2.0.0.OBJ
 0001:0000186a       @__vbaCastObj              0040286a     SKKU Notice Checker v2.0.0.OBJ
 0001:00001870       ___vbaObjSetAddref         00402870     SKKU Notice Checker v2.0.0.OBJ
 0001:00001870       @__vbaObjSetAddref         00402870     SKKU Notice Checker v2.0.0.OBJ
 0001:00001876       @__vbaInStrVar             00402876     SKKU Notice Checker v2.0.0.OBJ
 0001:00001876       ___vbaInStrVar             00402876     SKKU Notice Checker v2.0.0.OBJ
 0001:0000187c       ___vbaVarTstEq             0040287c     SKKU Notice Checker v2.0.0.OBJ
 0001:0000187c       @__vbaVarTstEq             0040287c     SKKU Notice Checker v2.0.0.OBJ
 0001:00001882       @__vba@09D47ABC            00402882     SKKU Notice Checker v2.0.0.OBJ
 0001:00001882       ___vba@09D47ABC            00402882     SKKU Notice Checker v2.0.0.OBJ
 0001:00001888       @__vbaInStr                00402888     SKKU Notice Checker v2.0.0.OBJ
 0001:00001888       ___vbaInStr                00402888     SKKU Notice Checker v2.0.0.OBJ
 0001:0000188e       ___vbaErrorOverflow        0040288e     SKKU Notice Checker v2.0.0.OBJ
 0001:0000188e       @__vbaErrorOverflow        0040288e     SKKU Notice Checker v2.0.0.OBJ
 0001:00001894       ___vbaAryDestruct          00402894     SKKU Notice Checker v2.0.0.OBJ
 0001:00001894       @__vbaAryDestruct          00402894     SKKU Notice Checker v2.0.0.OBJ
 0001:0000189a       ___vbaExitProc             0040289a     SKKU Notice Checker v2.0.0.OBJ
 0001:0000189a       @__vbaExitProc             0040289a     SKKU Notice Checker v2.0.0.OBJ
 0001:000018a0       ___vbaVarForNext           004028a0     SKKU Notice Checker v2.0.0.OBJ
 0001:000018a0       @__vbaVarForNext           004028a0     SKKU Notice Checker v2.0.0.OBJ
 0001:000018a6       @__vbaLenBstr              004028a6     SKKU Notice Checker v2.0.0.OBJ
 0001:000018a6       ___vbaLenBstr              004028a6     SKKU Notice Checker v2.0.0.OBJ
 0001:000018ac       ___vba@09D48194            004028ac     SKKU Notice Checker v2.0.0.OBJ
 0001:000018ac       @__vba@09D48194            004028ac     SKKU Notice Checker v2.0.0.OBJ
 0001:000018b2       ___vba@09D481CC            004028b2     SKKU Notice Checker v2.0.0.OBJ
 0001:000018b2       @__vba@09D481CC            004028b2     SKKU Notice Checker v2.0.0.OBJ
 0001:000018b8       ___vbaStrCmp               004028b8     SKKU Notice Checker v2.0.0.OBJ
 0001:000018b8       @__vbaStrCmp               004028b8     SKKU Notice Checker v2.0.0.OBJ
 0001:000018be       ___vbaVarCmpEq             004028be     SKKU Notice Checker v2.0.0.OBJ
 0001:000018be       @__vbaVarCmpEq             004028be     SKKU Notice Checker v2.0.0.OBJ
 0001:000018c4       @__vbaVarAnd               004028c4     SKKU Notice Checker v2.0.0.OBJ
 0001:000018c4       ___vbaVarAnd               004028c4     SKKU Notice Checker v2.0.0.OBJ
 0001:000018ca       ___vbaBoolVarNull          004028ca     SKKU Notice Checker v2.0.0.OBJ
 0001:000018ca       @__vbaBoolVarNull          004028ca     SKKU Notice Checker v2.0.0.OBJ
 0001:000018d0       ___vbaStrVarMove           004028d0     SKKU Notice Checker v2.0.0.OBJ
 0001:000018d0       @__vbaStrVarMove           004028d0     SKKU Notice Checker v2.0.0.OBJ
 0001:000018d6       @__vbaGenerateBoundsError  004028d6     SKKU Notice Checker v2.0.0.OBJ
 0001:000018d6       ___vbaGenerateBoundsError  004028d6     SKKU Notice Checker v2.0.0.OBJ
 0001:000018dc       @__vbaVarIndexLoad         004028dc     SKKU Notice Checker v2.0.0.OBJ
 0001:000018dc       ___vbaVarIndexLoad         004028dc     SKKU Notice Checker v2.0.0.OBJ
 0001:000018e2       ___vbaUbound               004028e2     SKKU Notice Checker v2.0.0.OBJ
 0001:000018e2       @__vbaUbound               004028e2     SKKU Notice Checker v2.0.0.OBJ
 0001:000018e8       ___vbaI2I4                 004028e8     SKKU Notice Checker v2.0.0.OBJ
 0001:000018e8       @__vbaI2I4                 004028e8     SKKU Notice Checker v2.0.0.OBJ
 0001:000018ee       ___vbaVarDup               004028ee     SKKU Notice Checker v2.0.0.OBJ
 0001:000018ee       @__vbaVarDup               004028ee     SKKU Notice Checker v2.0.0.OBJ
 0001:000018f4       ___vba@09D43CD4            004028f4     SKKU Notice Checker v2.0.0.OBJ
 0001:000018f4       @__vba@09D43CD4            004028f4     SKKU Notice Checker v2.0.0.OBJ
 0001:000018fa       @__vbaAryVar               004028fa     SKKU Notice Checker v2.0.0.OBJ
 0001:000018fa       ___vbaAryVar               004028fa     SKKU Notice Checker v2.0.0.OBJ
 0001:00001900       ___vbaAryCopy              00402900     SKKU Notice Checker v2.0.0.OBJ
 0001:00001900       @__vbaAryCopy              00402900     SKKU Notice Checker v2.0.0.OBJ
 0001:00001906       ___vbaFreeStr              00402906     SKKU Notice Checker v2.0.0.OBJ
 0001:00001906       @__vbaFreeStr              00402906     SKKU Notice Checker v2.0.0.OBJ
 0001:0000190c       ___vbaVarCat               0040290c     SKKU Notice Checker v2.0.0.OBJ
 0001:0000190c       @__vbaVarCat               0040290c     SKKU Notice Checker v2.0.0.OBJ
 0001:00001912       ___vbaStrVarVal            00402912     SKKU Notice Checker v2.0.0.OBJ
 0001:00001912       @__vbaStrVarVal            00402912     SKKU Notice Checker v2.0.0.OBJ
 0001:00001918       ___vbaVarForInit           00402918     SKKU Notice Checker v2.0.0.OBJ
 0001:00001918       @__vbaVarForInit           00402918     SKKU Notice Checker v2.0.0.OBJ
 0001:0000191e       ___vbaFreeObj              0040291e     SKKU Notice Checker v2.0.0.OBJ
 0001:0000191e       @__vbaFreeObj              0040291e     SKKU Notice Checker v2.0.0.OBJ
 0001:00001924       @__vbaObjSet               00402924     SKKU Notice Checker v2.0.0.OBJ
 0001:00001924       ___vbaObjSet               00402924     SKKU Notice Checker v2.0.0.OBJ
 0001:0000192a       ___vbaVarMove              0040292a     SKKU Notice Checker v2.0.0.OBJ
 0001:0000192a       @__vbaVarMove              0040292a     SKKU Notice Checker v2.0.0.OBJ
 0001:00001930       @__vbaOnError              00402930     SKKU Notice Checker v2.0.0.OBJ
 0001:00001930       ___vbaOnError              00402930     SKKU Notice Checker v2.0.0.OBJ
 0001:00001936       ___vbaFreeVar              00402936     SKKU Notice Checker v2.0.0.OBJ
 0001:00001936       @__vbaFreeVar              00402936     SKKU Notice Checker v2.0.0.OBJ
 0001:0000193c       @__vbaNew2                 0040293c     SKKU Notice Checker v2.0.0.OBJ
 0001:0000193c       ___vbaNew2                 0040293c     SKKU Notice Checker v2.0.0.OBJ
 0001:00001942       @__vbaFreeVarList          00402942     SKKU Notice Checker v2.0.0.OBJ
 0001:00001942       ___vbaFreeVarList          00402942     SKKU Notice Checker v2.0.0.OBJ
 0001:00001948       @__vbaFreeStrList          00402948     SKKU Notice Checker v2.0.0.OBJ
 0001:00001948       ___vbaFreeStrList          00402948     SKKU Notice Checker v2.0.0.OBJ
 0001:0000194e       @__vbaStrI2                0040294e     SKKU Notice Checker v2.0.0.OBJ
 0001:0000194e       ___vbaStrI2                0040294e     SKKU Notice Checker v2.0.0.OBJ
 0001:00001954       @__vbaStrMove              00402954     SKKU Notice Checker v2.0.0.OBJ
 0001:00001954       ___vbaStrMove              00402954     SKKU Notice Checker v2.0.0.OBJ
 0001:0000195a       ___vbaStrCat               0040295a     SKKU Notice Checker v2.0.0.OBJ
 0001:0000195a       @__vbaStrCat               0040295a     SKKU Notice Checker v2.0.0.OBJ
 0001:00001960       ___vba@09D4C010            00402960     SKKU Notice Checker v2.0.0.OBJ
 0001:00001960       @__vba@09D4C010            00402960     SKKU Notice Checker v2.0.0.OBJ
 0001:00001966       @__vbaStrCopy              00402966     SKKU Notice Checker v2.0.0.OBJ
 0001:00001966       ___vbaStrCopy              00402966     SKKU Notice Checker v2.0.0.OBJ
 0001:0000196c       ___vbaHresultCheckObj      0040296c     SKKU Notice Checker v2.0.0.OBJ
 0001:0000196c       @__vbaHresultCheckObj      0040296c     SKKU Notice Checker v2.0.0.OBJ
 0001:00001972       @__vbaSetSystemError       00402972     SKKU Notice Checker v2.0.0.OBJ
 0001:00001972       ___vbaSetSystemError       00402972     SKKU Notice Checker v2.0.0.OBJ
 0001:00001978       @__vbaLateIdSt             00402978     SKKU Notice Checker v2.0.0.OBJ
 0001:00001978       ___vbaLateIdSt             00402978     SKKU Notice Checker v2.0.0.OBJ
 0001:0000197e       ___vbaBoolVar              0040297e     SKKU Notice Checker v2.0.0.OBJ
 0001:0000197e       @__vbaBoolVar              0040297e     SKKU Notice Checker v2.0.0.OBJ
 0001:00001984       ___vbaCastObjVar           00402984     SKKU Notice Checker v2.0.0.OBJ
 0001:00001984       @__vbaCastObjVar           00402984     SKKU Notice Checker v2.0.0.OBJ
 0001:0000198a       ___vbaRaiseEvent           0040298a     SKKU Notice Checker v2.0.0.OBJ
 0001:0000198a       @__vbaRaiseEvent           0040298a     SKKU Notice Checker v2.0.0.OBJ
 0001:00001990       ___vbaStrToUnicode         00402990     SKKU Notice Checker v2.0.0.OBJ
 0001:00001990       @__vbaStrToUnicode         00402990     SKKU Notice Checker v2.0.0.OBJ
 0001:00001996       @__vbaVarVargNofree        00402996     SKKU Notice Checker v2.0.0.OBJ
 0001:00001996       ___vbaVarVargNofree        00402996     SKKU Notice Checker v2.0.0.OBJ
 0001:0000199c       ___vbaI4Var                0040299c     SKKU Notice Checker v2.0.0.OBJ
 0001:0000199c       @__vbaI4Var                0040299c     SKKU Notice Checker v2.0.0.OBJ
 0001:000019a2       ___vbaAryUnlock            004029a2     SKKU Notice Checker v2.0.0.OBJ
 0001:000019a2       @__vbaAryUnlock            004029a2     SKKU Notice Checker v2.0.0.OBJ
 0001:000019a8       ___vbaAryLock              004029a8     SKKU Notice Checker v2.0.0.OBJ
 0001:000019a8       @__vbaAryLock              004029a8     SKKU Notice Checker v2.0.0.OBJ
 0001:000019ae       ___vbaVargParmRef          004029ae     SKKU Notice Checker v2.0.0.OBJ
 0001:000019ae       @__vbaVargParmRef          004029ae     SKKU Notice Checker v2.0.0.OBJ
 0001:000019b4       @__vba@09D48D00            004029b4     SKKU Notice Checker v2.0.0.OBJ
 0001:000019b4       ___vba@09D48D00            004029b4     SKKU Notice Checker v2.0.0.OBJ
 0001:000019ba       @__vbaLbound               004029ba     SKKU Notice Checker v2.0.0.OBJ
 0001:000019ba       ___vbaLbound               004029ba     SKKU Notice Checker v2.0.0.OBJ
 0001:000019c0       @__vba@09D48D80            004029c0     SKKU Notice Checker v2.0.0.OBJ
 0001:000019c0       ___vba@09D48D80            004029c0     SKKU Notice Checker v2.0.0.OBJ
 0001:000019c6       @__vba@09D48DB8            004029c6     SKKU Notice Checker v2.0.0.OBJ
 0001:000019c6       ___vba@09D48DB8            004029c6     SKKU Notice Checker v2.0.0.OBJ
 0001:000019cc       ___vbaStrI4                004029cc     SKKU Notice Checker v2.0.0.OBJ
 0001:000019cc       @__vbaStrI4                004029cc     SKKU Notice Checker v2.0.0.OBJ
 0001:000019d2       @__vbaObjIs                004029d2     SKKU Notice Checker v2.0.0.OBJ
 0001:000019d2       ___vbaObjIs                004029d2     SKKU Notice Checker v2.0.0.OBJ
 0001:000019d8       @__vbaAryConstruct2        004029d8     SKKU Notice Checker v2.0.0.OBJ
 0001:000019d8       ___vbaAryConstruct2        004029d8     SKKU Notice Checker v2.0.0.OBJ
 0001:000019de       ___vbaFpUI1                004029de     SKKU Notice Checker v2.0.0.OBJ
 0001:000019de       @__vbaFpUI1                004029de     SKKU Notice Checker v2.0.0.OBJ
 0001:000019e4       ___vbaStrComp              004029e4     SKKU Notice Checker v2.0.0.OBJ
 0001:000019e4       @__vbaStrComp              004029e4     SKKU Notice Checker v2.0.0.OBJ
 0001:000019ea       @__vba@09D4AFC8            004029ea     SKKU Notice Checker v2.0.0.OBJ
 0001:000019ea       ___vba@09D4AFC8            004029ea     SKKU Notice Checker v2.0.0.OBJ
 0001:000019f0       ___vba@09D4B000            004029f0     SKKU Notice Checker v2.0.0.OBJ
 0001:000019f0       @__vba@09D4B000            004029f0     SKKU Notice Checker v2.0.0.OBJ
 0001:000019f6       ___vbaUI1I2                004029f6     SKKU Notice Checker v2.0.0.OBJ
 0001:000019f6       @__vbaUI1I2                004029f6     SKKU Notice Checker v2.0.0.OBJ
 0001:000019fc       @__vbaStrToAnsi            004029fc     SKKU Notice Checker v2.0.0.OBJ
 0001:000019fc       ___vbaStrToAnsi            004029fc     SKKU Notice Checker v2.0.0.OBJ
 0001:00001a02       @__vbaRecAnsiToUni         00402a02     SKKU Notice Checker v2.0.0.OBJ
 0001:00001a02       ___vbaRecAnsiToUni         00402a02     SKKU Notice Checker v2.0.0.OBJ
 0001:00001a08       @__vbaRecUniToAnsi         00402a08     SKKU Notice Checker v2.0.0.OBJ
 0001:00001a08       ___vbaRecUniToAnsi         00402a08     SKKU Notice Checker v2.0.0.OBJ
 0001:00001a0e       @__vbaErase                00402a0e     SKKU Notice Checker v2.0.0.OBJ
 0001:00001a0e       ___vbaErase                00402a0e     SKKU Notice Checker v2.0.0.OBJ
 0001:00001a14       ___vbaRedim                00402a14     SKKU Notice Checker v2.0.0.OBJ
 0001:00001a14       @__vbaRedim                00402a14     SKKU Notice Checker v2.0.0.OBJ
 0001:00001a1a       ___vbaUI1I4                00402a1a     SKKU Notice Checker v2.0.0.OBJ
 0001:00001a1a       @__vbaUI1I4                00402a1a     SKKU Notice Checker v2.0.0.OBJ
 0001:00001a20       @__vba@06A835C4            00402a20     SKKU Notice Checker v2.0.0.OBJ
 0001:00001a20       ___vba@06A835C4            00402a20     SKKU Notice Checker v2.0.0.OBJ
 0001:00001a26       ___vba@06A835FC            00402a26     SKKU Notice Checker v2.0.0.OBJ
 0001:00001a26       @__vba@06A835FC            00402a26     SKKU Notice Checker v2.0.0.OBJ
 0001:00001a2c       ___vbaRedimPreserve        00402a2c     SKKU Notice Checker v2.0.0.OBJ
 0001:00001a2c       @__vbaRedimPreserve        00402a2c     SKKU Notice Checker v2.0.0.OBJ
 0001:00001a32       @__vbaVarSetVarAddref      00402a32     SKKU Notice Checker v2.0.0.OBJ
 0001:00001a32       ___vbaVarSetVarAddref      00402a32     SKKU Notice Checker v2.0.0.OBJ
 0001:00001a38       @__vbaUI1Var               00402a38     SKKU Notice Checker v2.0.0.OBJ
 0001:00001a38       ___vbaUI1Var               00402a38     SKKU Notice Checker v2.0.0.OBJ
 0001:00001a3e       @__vbaRecDestruct          00402a3e     SKKU Notice Checker v2.0.0.OBJ
 0001:00001a3e       ___vbaRecDestruct          00402a3e     SKKU Notice Checker v2.0.0.OBJ
 0001:00001a44       ___vbaRecDestructAnsi      00402a44     SKKU Notice Checker v2.0.0.OBJ
 0001:00001a44       @__vbaRecDestructAnsi      00402a44     SKKU Notice Checker v2.0.0.OBJ
 0001:00001a4a       ___vba@06A8337C            00402a4a     SKKU Notice Checker v2.0.0.OBJ
 0001:00001a4a       @__vba@06A8337C            00402a4a     SKKU Notice Checker v2.0.0.OBJ
 0001:00001a50       @__vba@06A833B4            00402a50     SKKU Notice Checker v2.0.0.OBJ
 0001:00001a50       ___vba@06A833B4            00402a50     SKKU Notice Checker v2.0.0.OBJ
 0001:00001a56       @__vba@06A833EC            00402a56     SKKU Notice Checker v2.0.0.OBJ
 0001:00001a56       ___vba@06A833EC            00402a56     SKKU Notice Checker v2.0.0.OBJ
 0001:00001a5c       ___vba@06A83424            00402a5c     SKKU Notice Checker v2.0.0.OBJ
 0001:00001a5c       @__vba@06A83424            00402a5c     SKKU Notice Checker v2.0.0.OBJ
 0001:00001a62       ___vbaNextEachCollAd       00402a62     SKKU Notice Checker v2.0.0.OBJ
 0001:00001a62       @__vbaNextEachCollAd       00402a62     SKKU Notice Checker v2.0.0.OBJ
 0001:00001a68       ___vbaLateMemSt            00402a68     SKKU Notice Checker v2.0.0.OBJ
 0001:00001a68       @__vbaLateMemSt            00402a68     SKKU Notice Checker v2.0.0.OBJ
 0001:00001a6e       ___vbaVarNot               00402a6e     SKKU Notice Checker v2.0.0.OBJ
 0001:00001a6e       @__vbaVarNot               00402a6e     SKKU Notice Checker v2.0.0.OBJ
 0001:00001a74       ___vbaVarLateMemCallLd     00402a74     SKKU Notice Checker v2.0.0.OBJ
 0001:00001a74       @__vbaVarLateMemCallLd     00402a74     SKKU Notice Checker v2.0.0.OBJ
 0001:00001a7a       ___vbaCheckType            00402a7a     SKKU Notice Checker v2.0.0.OBJ
 0001:00001a7a       @__vbaCheckType            00402a7a     SKKU Notice Checker v2.0.0.OBJ
 0001:00001a80       ___vbaLateMemCallLd        00402a80     SKKU Notice Checker v2.0.0.OBJ
 0001:00001a80       @__vbaLateMemCallLd        00402a80     SKKU Notice Checker v2.0.0.OBJ
 0001:00001a86       @__vbaObjVar               00402a86     SKKU Notice Checker v2.0.0.OBJ
 0001:00001a86       ___vbaObjVar               00402a86     SKKU Notice Checker v2.0.0.OBJ
 0001:00001a8c       @__vbaForEachCollAd        00402a8c     SKKU Notice Checker v2.0.0.OBJ
 0001:00001a8c       ___vbaForEachCollAd        00402a8c     SKKU Notice Checker v2.0.0.OBJ
 0001:00001a92       ___vbaVarCmpNe             00402a92     SKKU Notice Checker v2.0.0.OBJ
 0001:00001a92       @__vbaVarCmpNe             00402a92     SKKU Notice Checker v2.0.0.OBJ
 0001:00001a98       @__vbaFpR8                 00402a98     SKKU Notice Checker v2.0.0.OBJ
 0001:00001a98       ___vbaFpR8                 00402a98     SKKU Notice Checker v2.0.0.OBJ
 0001:00001a9e       ___vbaVarOr                00402a9e     SKKU Notice Checker v2.0.0.OBJ
 0001:00001a9e       @__vbaVarOr                00402a9e     SKKU Notice Checker v2.0.0.OBJ
 0001:00001aa4       ___vbaLsetFixstr           00402aa4     SKKU Notice Checker v2.0.0.OBJ
 0001:00001aa4       @__vbaLsetFixstr           00402aa4     SKKU Notice Checker v2.0.0.OBJ
 0001:00001aaa       ___vbaCopyBytes            00402aaa     SKKU Notice Checker v2.0.0.OBJ
 0001:00001aaa       @__vbaCopyBytes            00402aaa     SKKU Notice Checker v2.0.0.OBJ
 0001:00001ab0       ___vba@06A81D7C            00402ab0     SKKU Notice Checker v2.0.0.OBJ
 0001:00001ab0       @__vba@06A81D7C            00402ab0     SKKU Notice Checker v2.0.0.OBJ
 0001:00001ab6       ___vbaFpI4                 00402ab6     SKKU Notice Checker v2.0.0.OBJ
 0001:00001ab6       @__vbaFpI4                 00402ab6     SKKU Notice Checker v2.0.0.OBJ
 0001:00001abc       ___vbaLateIdCallLd         00402abc     SKKU Notice Checker v2.0.0.OBJ
 0001:00001abc       @__vbaLateIdCallLd         00402abc     SKKU Notice Checker v2.0.0.OBJ
 0001:00001ac2       ___vba@06A81E4C            00402ac2     SKKU Notice Checker v2.0.0.OBJ
 0001:00001ac2       @__vba@06A81E4C            00402ac2     SKKU Notice Checker v2.0.0.OBJ
 0001:00001ac8       ___vbaFpR4                 00402ac8     SKKU Notice Checker v2.0.0.OBJ
 0001:00001ac8       @__vbaFpR4                 00402ac8     SKKU Notice Checker v2.0.0.OBJ
 0001:00001ace       ___vba@06A82CDC            00402ace     SKKU Notice Checker v2.0.0.OBJ
 0001:00001ace       @__vba@06A82CDC            00402ace     SKKU Notice Checker v2.0.0.OBJ
 0001:00001ad4       @__vbaLateMemCall          00402ad4     SKKU Notice Checker v2.0.0.OBJ
 0001:00001ad4       ___vbaLateMemCall          00402ad4     SKKU Notice Checker v2.0.0.OBJ
 0001:00001ada       @__vbaLateIdCall           00402ada     SKKU Notice Checker v2.0.0.OBJ
 0001:00001ada       ___vbaLateIdCall           00402ada     SKKU Notice Checker v2.0.0.OBJ
 0001:00001ae0       ___vbaR8Str                00402ae0     SKKU Notice Checker v2.0.0.OBJ
 0001:00001ae0       @__vbaR8Str                00402ae0     SKKU Notice Checker v2.0.0.OBJ
 0001:00001ae6       ___vbaVarAdd               00402ae6     SKKU Notice Checker v2.0.0.OBJ
 0001:00001ae6       @__vbaVarAdd               00402ae6     SKKU Notice Checker v2.0.0.OBJ
 0001:00001aec       ___vba@06A8160C            00402aec     SKKU Notice Checker v2.0.0.OBJ
 0001:00001aec       @__vba@06A8160C            00402aec     SKKU Notice Checker v2.0.0.OBJ
 0001:00001af2       @__vbaI2Str                00402af2     SKKU Notice Checker v2.0.0.OBJ
 0001:00001af2       ___vbaI2Str                00402af2     SKKU Notice Checker v2.0.0.OBJ
 0001:00001af8       @__vba@06A8075C            00402af8     SKKU Notice Checker v2.0.0.OBJ
 0001:00001af8       ___vba@06A8075C            00402af8     SKKU Notice Checker v2.0.0.OBJ
 0001:00001afe       ___vbaVar2Vec              00402afe     SKKU Notice Checker v2.0.0.OBJ
 0001:00001afe       @__vbaVar2Vec              00402afe     SKKU Notice Checker v2.0.0.OBJ
 0001:00001b04       @__vbaAryMove              00402b04     SKKU Notice Checker v2.0.0.OBJ
 0001:00001b04       ___vbaAryMove              00402b04     SKKU Notice Checker v2.0.0.OBJ
 0001:00001b0a       ___vbaVarIndexLoadRefLock  00402b0a     SKKU Notice Checker v2.0.0.OBJ
 0001:00001b0a       @__vbaVarIndexLoadRefLock  00402b0a     SKKU Notice Checker v2.0.0.OBJ
 0001:00001b10       @__vba@06A800CC            00402b10     SKKU Notice Checker v2.0.0.OBJ
 0001:00001b10       ___vba@06A800CC            00402b10     SKKU Notice Checker v2.0.0.OBJ
 0001:00001b16       ___vbaVarSetVar            00402b16     SKKU Notice Checker v2.0.0.OBJ
 0001:00001b16       @__vbaVarSetVar            00402b16     SKKU Notice Checker v2.0.0.OBJ
 0001:00001b78       ___vbaS                    00402b78     SKKU Notice Checker v2.0.0.OBJ
 0001:000060dc       ___vba@0B676B74            004070dc     SKKU Notice Checker v2.0.0.OBJ
 0001:00006114       ___vba@0B67D464            00407114     SKKU Notice Checker v2.0.0.OBJ
 0001:00006154       ___vba@0B67BFDC            00407154     SKKU Notice Checker v2.0.0.OBJ
 0001:00006198       ___vba@0B67E6A4            00407198     SKKU Notice Checker v2.0.0.OBJ
 0001:000061e0       ___vba@0B67EB34            004071e0     SKKU Notice Checker v2.0.0.OBJ
 0001:0000675c       ___vba@09D457B4            0040775c     SKKU Notice Checker v2.0.0.OBJ
 0001:00006d1c       ___vba@0B66FDF4            00407d1c     SKKU Notice Checker v2.0.0.OBJ
 0001:00007094       ___vba@0B679914            00408094     SKKU Notice Checker v2.0.0.OBJ
 0001:00007414       ___vba@0B67ED7C            00408414     SKKU Notice Checker v2.0.0.OBJ
 0001:000077ec       ___vba@0B67F69C            004087ec     SKKU Notice Checker v2.0.0.OBJ
 0001:000080d4       ___vba@0B67CD8C            004090d4     SKKU Notice Checker v2.0.0.OBJ
 0001:00008710       ___vba@0B67CE08            00409710     SKKU Notice Checker v2.0.0.OBJ
 0001:0000872e       ___vba@0B67CE34            0040972e     SKKU Notice Checker v2.0.0.OBJ
 0001:0000874c       ___vba@0B67CE60            0040974c     SKKU Notice Checker v2.0.0.OBJ
 0001:0000876a       ___vba@0B67CE8C            0040976a     SKKU Notice Checker v2.0.0.OBJ
 0001:00008788       ___vba@0B67CEB8            00409788     SKKU Notice Checker v2.0.0.OBJ
 0001:000087a6       ___vba@0B67CEE4            004097a6     SKKU Notice Checker v2.0.0.OBJ
 0001:000088b0       ___vba@0B677DB4            004098b0     SKKU Notice Checker v2.0.0.OBJ
 0001:000091c4       ___vba@0B67724C            0040a1c4     SKKU Notice Checker v2.0.0.OBJ
 0001:0000974c       ___vba@0B6772C8            0040a74c     SKKU Notice Checker v2.0.0.OBJ
 0001:00009fd4       ___vba@0A09DDC4            0040afd4     SKKU Notice Checker v2.0.0.OBJ
 0001:0000a850       ___vba@0A09DE1C            0040b850     SKKU Notice Checker v2.0.0.OBJ
 0001:0000a858       ___vba@0A09DE28            0040b858     SKKU Notice Checker v2.0.0.OBJ
 0001:0000a864       ___vba@0A09DE38            0040b864     SKKU Notice Checker v2.0.0.OBJ
 0001:0000a870       ___vba@0A09DE48            0040b870     SKKU Notice Checker v2.0.0.OBJ
 0001:0000a87c       ___vba@0A09DE58            0040b87c     SKKU Notice Checker v2.0.0.OBJ
 0001:0000a888       ___vba@0A09DE68            0040b888     SKKU Notice Checker v2.0.0.OBJ
 0001:0000a890       ___vba@0A09DE74            0040b890     SKKU Notice Checker v2.0.0.OBJ
 0001:0000a8a0       ___vba@0A09DE88            0040b8a0     SKKU Notice Checker v2.0.0.OBJ
 0001:0000a8a8       ___vba@0A09DE94            0040b8a8     SKKU Notice Checker v2.0.0.OBJ
 0001:0000a8b0       ___vba@0A09DEA0            0040b8b0     SKKU Notice Checker v2.0.0.OBJ
 0001:0000a8bc       ___vba@0A09DEB0            0040b8bc     SKKU Notice Checker v2.0.0.OBJ
 0001:0000a8c8       ___vba@0A09DEC0            0040b8c8     SKKU Notice Checker v2.0.0.OBJ
 0001:0000a8d0       ___vba@0A09DECC            0040b8d0     SKKU Notice Checker v2.0.0.OBJ
 0001:0000a8e0       ___vba@0A09DEE0            0040b8e0     SKKU Notice Checker v2.0.0.OBJ
 0001:0000a8f4       ___vba@0A09DEF4            0040b8f4     SKKU Notice Checker v2.0.0.OBJ
 0001:0000a91c       ___vba@0A09DF20            0040b91c     SKKU Notice Checker v2.0.0.OBJ
 0001:0000a928       ___vba@0A09DF34            0040b928     SKKU Notice Checker v2.0.0.OBJ
 0001:0000a938       ___vba@0A09DF48            0040b938     SKKU Notice Checker v2.0.0.OBJ
 0001:0000a948       ___vba@0A09DF5C            0040b948     SKKU Notice Checker v2.0.0.OBJ
 0001:0000a958       ___vba@0A09DF70            0040b958     SKKU Notice Checker v2.0.0.OBJ
 0001:0000a968       ___vba@0A09DF84            0040b968     SKKU Notice Checker v2.0.0.OBJ
 0001:0000a978       ___vba@0A09DF98            0040b978     SKKU Notice Checker v2.0.0.OBJ
 0001:0000a980       ___vba@0A09DFA4            0040b980     SKKU Notice Checker v2.0.0.OBJ
 0001:0000a990       ___vba@0B6754A4            0040b990     SKKU Notice Checker v2.0.0.OBJ
 0001:0000a9cc       ___vba@0B6754E4            0040b9cc     SKKU Notice Checker v2.0.0.OBJ
 0001:0000a9d0       ___vba@0B6754EC            0040b9d0     SKKU Notice Checker v2.0.0.OBJ
 0001:0000a9f8       ___vba@0B675518            0040b9f8     SKKU Notice Checker v2.0.0.OBJ
 0001:0000aa08       ___vba@0B67552C            0040ba08     SKKU Notice Checker v2.0.0.OBJ
 0001:0000aa10       ___vba@0B675538            0040ba10     SKKU Notice Checker v2.0.0.OBJ
 0001:0000aa20       ___vba@0B67554C            0040ba20     SKKU Notice Checker v2.0.0.OBJ
 0001:0000aa24       ___vba@0B675554            0040ba24     SKKU Notice Checker v2.0.0.OBJ
 0001:0000aa34       ___vba@0B675568            0040ba34     SKKU Notice Checker v2.0.0.OBJ
 0001:0000aa44       ___vba@0B67557C            0040ba44     SKKU Notice Checker v2.0.0.OBJ
 0001:0000aa54       ___vba@0B675590            0040ba54     SKKU Notice Checker v2.0.0.OBJ
 0001:0000aa5c       ___vba@0B67559C            0040ba5c     SKKU Notice Checker v2.0.0.OBJ
 0001:0000aa64       ___vba@0B6755A8            0040ba64     SKKU Notice Checker v2.0.0.OBJ
 0001:0000aa74       ___vba@0B6755BC            0040ba74     SKKU Notice Checker v2.0.0.OBJ
 0001:0000aa80       ___vba@0B6755CC            0040ba80     SKKU Notice Checker v2.0.0.OBJ
 0001:0000aa8c       ___vba@0B6755DC            0040ba8c     SKKU Notice Checker v2.0.0.OBJ
 0001:0000aa94       ___vba@0B6755E8            0040ba94     SKKU Notice Checker v2.0.0.OBJ
 0001:0000aaa4       ___vba@0B6755FC            0040baa4     SKKU Notice Checker v2.0.0.OBJ
 0001:0000aaac       ___vba@0B675608            0040baac     SKKU Notice Checker v2.0.0.OBJ
 0001:0000aabc       ___vba@0B67561C            0040babc     SKKU Notice Checker v2.0.0.OBJ
 0001:0000aacc       ___vba@0B675630            0040bacc     SKKU Notice Checker v2.0.0.OBJ
 0001:0000aadc       ___vba@0B675644            0040badc     SKKU Notice Checker v2.0.0.OBJ
 0001:0000aae8       ___vba@0B675654            0040bae8     SKKU Notice Checker v2.0.0.OBJ
 0001:0000aaf4       ___vba@0B675664            0040baf4     SKKU Notice Checker v2.0.0.OBJ
 0001:0000ab04       ___vba@0B675674            0040bb04     SKKU Notice Checker v2.0.0.OBJ
 0001:0000ab10       ___vba@0B675684            0040bb10     SKKU Notice Checker v2.0.0.OBJ
 0001:0000ab28       ___vba@09D4EE44            0040bb28     SKKU Notice Checker v2.0.0.OBJ
 0001:0000abb0       ___vba@09D4EECC            0040bbb0     SKKU Notice Checker v2.0.0.OBJ
 0001:0000abc8       ___vba@09D4EEE8            0040bbc8     SKKU Notice Checker v2.0.0.OBJ
 0001:0000abd4       ___vba@09D4EEF8            0040bbd4     SKKU Notice Checker v2.0.0.OBJ
 0001:0000abec       ___vba@09D4EF14            0040bbec     SKKU Notice Checker v2.0.0.OBJ
 0001:0000ac04       ___vba@09D4EF34            0040bc04     SKKU Notice Checker v2.0.0.OBJ
 0001:0000ac14       ___vba@09D4EF48            0040bc14     SKKU Notice Checker v2.0.0.OBJ
 0001:0000ac24       ___vba@09D4EF5C            0040bc24     SKKU Notice Checker v2.0.0.OBJ
 0001:0000ac34       ___vba@09D4EF70            0040bc34     SKKU Notice Checker v2.0.0.OBJ
 0001:0000ac44       ___vba@09D4EF84            0040bc44     SKKU Notice Checker v2.0.0.OBJ
 0001:0000ac54       ___vba@09D4EF98            0040bc54     SKKU Notice Checker v2.0.0.OBJ
 0001:0000ac58       ___vba@09D4EFA0            0040bc58     SKKU Notice Checker v2.0.0.OBJ
 0001:0000ac68       ___vba@09D4EFB4            0040bc68     SKKU Notice Checker v2.0.0.OBJ
 0001:0000ac70       ___vba@09D4EFC0            0040bc70     SKKU Notice Checker v2.0.0.OBJ
 0001:0000ac78       ___vba@09D4EFCC            0040bc78     SKKU Notice Checker v2.0.0.OBJ
 0001:0000ac80       ___vba@09D4EFD8            0040bc80     SKKU Notice Checker v2.0.0.OBJ
 0001:0000ac8c       ___vba@09D4EFE8            0040bc8c     SKKU Notice Checker v2.0.0.OBJ
 0001:0000ac94       ___vba@09D4EFF4            0040bc94     SKKU Notice Checker v2.0.0.OBJ
 0001:0000acf8       ___vba@09D4357C            0040bcf8     SKKU Notice Checker v2.0.0.OBJ
 0001:0000ad14       ___vba@09D435B4            0040bd14     SKKU Notice Checker v2.0.0.OBJ
 0001:0000ad1c       ___vba@09D435C0            0040bd1c     SKKU Notice Checker v2.0.0.OBJ
 0001:0000ad24       ___vba@09D435CC            0040bd24     SKKU Notice Checker v2.0.0.OBJ
 0001:0000ad4c       ___vba@09D435F8            0040bd4c     SKKU Notice Checker v2.0.0.OBJ
 0001:0000ad60       ___vba@09D4360C            0040bd60     SKKU Notice Checker v2.0.0.OBJ
 0001:0000ad6c       ___vba@09D4361C            0040bd6c     SKKU Notice Checker v2.0.0.OBJ
 0001:0000ae34       ___vba@09D436E8            0040be34     SKKU Notice Checker v2.0.0.OBJ
 0001:0000ae38       ___vba@09D436F4            0040be38     SKKU Notice Checker v2.0.0.OBJ
 0001:0000ae48       ___vba@09D43708            0040be48     SKKU Notice Checker v2.0.0.OBJ
 0001:0000ae58       ___vba@09D4371C            0040be58     SKKU Notice Checker v2.0.0.OBJ
 0001:0000ae68       ___vba@09D43730            0040be68     SKKU Notice Checker v2.0.0.OBJ
 0001:0000ae78       ___vba@09D43744            0040be78     SKKU Notice Checker v2.0.0.OBJ
 0001:0000ae88       ___vba@09D43758            0040be88     SKKU Notice Checker v2.0.0.OBJ
 0001:0000ae9c       ___vba@09D4376C            0040be9c     SKKU Notice Checker v2.0.0.OBJ
 0001:0000aea4       ___vba@09D420F4            0040bea4     SKKU Notice Checker v2.0.0.OBJ
 0001:0000aeb8       ___vba@09D42108            0040beb8     SKKU Notice Checker v2.0.0.OBJ
 0001:0000aee0       ___vba@09D42134            0040bee0     SKKU Notice Checker v2.0.0.OBJ
 0001:0000af2c       ___vba@09D42184            0040bf2c     SKKU Notice Checker v2.0.0.OBJ
 0001:0000af5c       ___vba@09D421B8            0040bf5c     SKKU Notice Checker v2.0.0.OBJ
 0001:0000afa4       ___vba@09D42204            0040bfa4     SKKU Notice Checker v2.0.0.OBJ
 0001:0000affc       ___vba@09D42260            0040bffc     SKKU Notice Checker v2.0.0.OBJ
 0001:0000b020       ___vba@09D42288            0040c020     SKKU Notice Checker v2.0.0.OBJ
 0001:0000b06c       ___vba@09D422D8            0040c06c     SKKU Notice Checker v2.0.0.OBJ
 0001:0000b078       ___vba@09D422EC            0040c078     SKKU Notice Checker v2.0.0.OBJ
 0001:0000b080       ___vba@09D42584            0040c080     SKKU Notice Checker v2.0.0.OBJ
 0001:0000b198       ___vba@09D426A0            0040c198     SKKU Notice Checker v2.0.0.OBJ
 0001:0000b1b0       ___vba@09D426BC            0040c1b0     SKKU Notice Checker v2.0.0.OBJ
 0001:0000b1c0       ___vba@09D426D0            0040c1c0     SKKU Notice Checker v2.0.0.OBJ
 0001:0000b1d0       ___vba@09D426E4            0040c1d0     SKKU Notice Checker v2.0.0.OBJ
 0001:0000b1e0       ___vba@09D426F8            0040c1e0     SKKU Notice Checker v2.0.0.OBJ
 0001:0000b1f0       ___vba@09D4270C            0040c1f0     SKKU Notice Checker v2.0.0.OBJ
 0001:0000b210       ___vba@09D42730            0040c210     SKKU Notice Checker v2.0.0.OBJ
 0001:0000b218       ___vba@09D4273C            0040c218     SKKU Notice Checker v2.0.0.OBJ
 0001:0000b248       ___vba@09D42770            0040c248     SKKU Notice Checker v2.0.0.OBJ
 0001:0000b258       ___vba@09D437C4            0040c258     SKKU Notice Checker v2.0.0.OBJ
 0001:0000b274       ___vba@09D437E4            0040c274     SKKU Notice Checker v2.0.0.OBJ
 0001:0000b288       ___vba@09D437FC            0040c288     SKKU Notice Checker v2.0.0.OBJ
 0001:0000b2d4       ___vba@09D4384C            0040c2d4     SKKU Notice Checker v2.0.0.OBJ
 0001:0000b2f0       ___vba@09D4386C            0040c2f0     SKKU Notice Checker v2.0.0.OBJ
 0001:0000b3fc       ___vba@09D4397C            0040c3fc     SKKU Notice Checker v2.0.0.OBJ
 0001:0000b404       ___vba@09D43988            0040c404     SKKU Notice Checker v2.0.0.OBJ
 0001:0000b410       ___vba@09D43998            0040c410     SKKU Notice Checker v2.0.0.OBJ
 0001:0000b418       ___vba@09D439A4            0040c418     SKKU Notice Checker v2.0.0.OBJ
 0001:0000b420       ___vba@09D439B0            0040c420     SKKU Notice Checker v2.0.0.OBJ
 0001:0000b424       ___vba@09D439BC            0040c424     SKKU Notice Checker v2.0.0.OBJ
 0001:0000b42c       ___vba@09D3F10C            0040c42c     SKKU Notice Checker v2.0.0.OBJ
 0001:0000b454       ___vba@09D3F138            0040c454     SKKU Notice Checker v2.0.0.OBJ
 0001:0000b4f0       ___vba@09D3F1D8            0040c4f0     SKKU Notice Checker v2.0.0.OBJ
 0001:0000b558       ___vba@09D3F244            0040c558     SKKU Notice Checker v2.0.0.OBJ
 0001:0000b568       ___vba@09D3F258            0040c568     SKKU Notice Checker v2.0.0.OBJ
 0001:0000b5bc       ___vba@09D3F2B0            0040c5bc     SKKU Notice Checker v2.0.0.OBJ
 0001:0000b5e4       ___vba@09D3F2E0            0040c5e4     SKKU Notice Checker v2.0.0.OBJ
 0001:0000b5f8       ___vba@09D3F2F4            0040c5f8     SKKU Notice Checker v2.0.0.OBJ
 0001:0000b60c       ___vba@09D45E8C            0040c60c     SKKU Notice Checker v2.0.0.OBJ
 0001:0000b6b8       ___vba@09D45F3C            0040c6b8     SKKU Notice Checker v2.0.0.OBJ
 0001:0000b790       ___vba@09D4601C            0040c790     SKKU Notice Checker v2.0.0.OBJ
 0001:0000b7a0       ___vba@09D46030            0040c7a0     SKKU Notice Checker v2.0.0.OBJ
 0001:0000b7b0       ___vba@09D46044            0040c7b0     SKKU Notice Checker v2.0.0.OBJ
 0001:0000b7c0       ___vba@09D46058            0040c7c0     SKKU Notice Checker v2.0.0.OBJ
 0001:0000b7d0       ___vba@09D4606C            0040c7d0     SKKU Notice Checker v2.0.0.OBJ
 0001:0000b7e0       ___vba@09D459FC            0040c7e0     SKKU Notice Checker v2.0.0.OBJ
 0001:0000b800       ___vba@09D45A20            0040c800     SKKU Notice Checker v2.0.0.OBJ
 0001:0000b80c       ___vba@09D45A30            0040c80c     SKKU Notice Checker v2.0.0.OBJ
 0001:0000b834       ___vba@09D45A5C            0040c834     SKKU Notice Checker v2.0.0.OBJ
 0001:0000b844       ___vba@09D45A6C            0040c844     SKKU Notice Checker v2.0.0.OBJ
 0001:0000b890       ___vba@09D45ABC            0040c890     SKKU Notice Checker v2.0.0.OBJ
 0001:0000b8ec       ___vba@09D45B1C            0040c8ec     SKKU Notice Checker v2.0.0.OBJ
 0001:0000b93c       ___vba@09D45B70            0040c93c     SKKU Notice Checker v2.0.0.OBJ
 0001:0000b954       ___vba@09D45B8C            0040c954     SKKU Notice Checker v2.0.0.OBJ
 0001:0000b970       ___vba@09D45BAC            0040c970     SKKU Notice Checker v2.0.0.OBJ
 0001:0000b97c       ___vba@09D45BBC            0040c97c     SKKU Notice Checker v2.0.0.OBJ
 0001:0000b990       ___vba@09D45BD4            0040c990     SKKU Notice Checker v2.0.0.OBJ
 0001:0000b9a8       ___vba@09D47C34            0040c9a8     SKKU Notice Checker v2.0.0.OBJ
 0001:0000ba10       ___vba@09D47CA4            0040ca10     SKKU Notice Checker v2.0.0.OBJ
 0001:0000ba24       ___vba@09D47CB8            0040ca24     SKKU Notice Checker v2.0.0.OBJ
 0001:0000ba3c       ___vba@09D47CD8            0040ca3c     SKKU Notice Checker v2.0.0.OBJ
 0001:0000ba4c       ___vba@09D47CEC            0040ca4c     SKKU Notice Checker v2.0.0.OBJ
 0001:0000ba5c       ___vba@09D47D00            0040ca5c     SKKU Notice Checker v2.0.0.OBJ
 0001:0000ba6c       ___vba@09D47D14            0040ca6c     SKKU Notice Checker v2.0.0.OBJ
 0001:0000ba7c       ___vba@09D47D28            0040ca7c     SKKU Notice Checker v2.0.0.OBJ
 0001:0000ba84       ___vba@09D47D34            0040ca84     SKKU Notice Checker v2.0.0.OBJ
 0001:0000ba94       ___vba@09D47D48            0040ca94     SKKU Notice Checker v2.0.0.OBJ
 0001:0000ba9c       ___vba@09D47D54            0040ca9c     SKKU Notice Checker v2.0.0.OBJ
 0001:0000baa4       ___vba@09D47D60            0040caa4     SKKU Notice Checker v2.0.0.OBJ
 0001:0000bab4       ___vba@09D47D74            0040cab4     SKKU Notice Checker v2.0.0.OBJ
 0001:0000bac4       ___vba@09D47D84            0040cac4     SKKU Notice Checker v2.0.0.OBJ
 0001:0000bad4       ___vba@09D47D98            0040cad4     SKKU Notice Checker v2.0.0.OBJ
 0001:0000bafc       ___vba@09D47DB0            0040cafc     SKKU Notice Checker v2.0.0.OBJ
 0001:0000bb1c       ___vba@09D47DE8            0040cb1c     SKKU Notice Checker v2.0.0.OBJ
 0001:0000bb2c       ___vba@09D47E00            0040cb2c     SKKU Notice Checker v2.0.0.OBJ
 0001:0000bb38       ___vba@09D47E10            0040cb38     SKKU Notice Checker v2.0.0.OBJ
 0001:0000bb44       ___vba@09D47E20            0040cb44     SKKU Notice Checker v2.0.0.OBJ
 0001:0000bb6c       ___vba@09D47E7C            0040cb6c     SKKU Notice Checker v2.0.0.OBJ
 0001:0000bb8c       ___vba@09D47EB4            0040cb8c     SKKU Notice Checker v2.0.0.OBJ
 0001:0000bbc0       ___vba@09D47ED8            0040cbc0     SKKU Notice Checker v2.0.0.OBJ
 0001:0000bbdc       ___vba@09D47F10            0040cbdc     SKKU Notice Checker v2.0.0.OBJ
 0001:0000bbe8       ___vba@09D47F20            0040cbe8     SKKU Notice Checker v2.0.0.OBJ
 0001:0000bbf8       ___vba@09D47F34            0040cbf8     SKKU Notice Checker v2.0.0.OBJ
 0001:0000bc08       ___vba@09D47F48            0040cc08     SKKU Notice Checker v2.0.0.OBJ
 0001:0000bc18       ___vba@09D47F5C            0040cc18     SKKU Notice Checker v2.0.0.OBJ
 0001:0000bc2c       ___vba@09D47F70            0040cc2c     SKKU Notice Checker v2.0.0.OBJ
 0001:0000bc40       ___vba@09D47F8C            0040cc40     SKKU Notice Checker v2.0.0.OBJ
 0001:0000bc50       ___vba@09D47FA0            0040cc50     SKKU Notice Checker v2.0.0.OBJ
 0001:0000bc60       ___vba@09D47FB4            0040cc60     SKKU Notice Checker v2.0.0.OBJ
 0001:0000bc70       ___vba@09D47FC8            0040cc70     SKKU Notice Checker v2.0.0.OBJ
 0001:0000bc80       ___vba@09D47FDC            0040cc80     SKKU Notice Checker v2.0.0.OBJ
 0001:0000bc90       ___vba@09D47FF0            0040cc90     SKKU Notice Checker v2.0.0.OBJ
 0001:0000bc98       ___vba@09D47FFC            0040cc98     SKKU Notice Checker v2.0.0.OBJ
 0001:0000bca8       ___vba@09D48010            0040cca8     SKKU Notice Checker v2.0.0.OBJ
 0001:0000bccc       ___vba@09D48038            0040cccc     SKKU Notice Checker v2.0.0.OBJ
 0001:0000bcd4       ___vba@09D48044            0040ccd4     SKKU Notice Checker v2.0.0.OBJ
 0001:0000bcfc       ___vba@09D450DC            0040ccfc     SKKU Notice Checker v2.0.0.OBJ
 0001:0000bd14       ___vba@09D450F8            0040cd14     SKKU Notice Checker v2.0.0.OBJ
 0001:0000bd20       ___vba@09D45108            0040cd20     SKKU Notice Checker v2.0.0.OBJ
 0001:0000bd2c       ___vba@09D45118            0040cd2c     SKKU Notice Checker v2.0.0.OBJ
 0001:0000bd3c       ___vba@09D45128            0040cd3c     SKKU Notice Checker v2.0.0.OBJ
 0001:0000bd4c       ___vba@09D4513C            0040cd4c     SKKU Notice Checker v2.0.0.OBJ
 0001:0000bd74       ___vba@09D45154            0040cd74     SKKU Notice Checker v2.0.0.OBJ
 0001:0000bd94       ___vba@09D4518C            0040cd94     SKKU Notice Checker v2.0.0.OBJ
 0001:0000bdbc       ___vba@09D451A4            0040cdbc     SKKU Notice Checker v2.0.0.OBJ
 0001:0000bddc       ___vba@09D451DC            0040cddc     SKKU Notice Checker v2.0.0.OBJ
 0001:0000be04       ___vba@09D451F4            0040ce04     SKKU Notice Checker v2.0.0.OBJ
 0001:0000be24       ___vba@09D4522C            0040ce24     SKKU Notice Checker v2.0.0.OBJ
 0001:0000be48       ___vba@09D45240            0040ce48     SKKU Notice Checker v2.0.0.OBJ
 0001:0000be68       ___vba@09D45278            0040ce68     SKKU Notice Checker v2.0.0.OBJ
 0001:0000be94       ___vba@09D45294            0040ce94     SKKU Notice Checker v2.0.0.OBJ
 0001:0000beb4       ___vba@09D440E4            0040ceb4     SKKU Notice Checker v2.0.0.OBJ
 0001:0000bee0       ___vba@09D44100            0040cee0     SKKU Notice Checker v2.0.0.OBJ
 0001:0000bf00       ___vba@09D44138            0040cf00     SKKU Notice Checker v2.0.0.OBJ
 0001:0000bf28       ___vba@09D44150            0040cf28     SKKU Notice Checker v2.0.0.OBJ
 0001:0000bf48       ___vba@09D44188            0040cf48     SKKU Notice Checker v2.0.0.OBJ
 0001:0000bf74       ___vba@09D441A4            0040cf74     SKKU Notice Checker v2.0.0.OBJ
 0001:0000bf94       ___vba@09D441DC            0040cf94     SKKU Notice Checker v2.0.0.OBJ
 0001:0000bfa0       ___vba@09D441EC            0040cfa0     SKKU Notice Checker v2.0.0.OBJ
 0001:0000bfd4       ___vba@09D44210            0040cfd4     SKKU Notice Checker v2.0.0.OBJ
 0001:0000bff4       ___vba@09D44248            0040cff4     SKKU Notice Checker v2.0.0.OBJ
 0001:0000c018       ___vba@09D4425C            0040d018     SKKU Notice Checker v2.0.0.OBJ
 0001:0000c038       ___vba@09D44294            0040d038     SKKU Notice Checker v2.0.0.OBJ
 0001:0000c060       ___vba@09D442AC            0040d060     SKKU Notice Checker v2.0.0.OBJ
 0001:0000c094       ___vba@09D467AC            0040d094     SKKU Notice Checker v2.0.0.OBJ
 0001:0000c0b4       ___vba@09D467E4            0040d0b4     SKKU Notice Checker v2.0.0.OBJ
 0001:0000c0dc       ___vba@09D467FC            0040d0dc     SKKU Notice Checker v2.0.0.OBJ
 0001:0000c0fc       ___vba@09D46834            0040d0fc     SKKU Notice Checker v2.0.0.OBJ
 0001:0000c108       ___vba@09D46844            0040d108     SKKU Notice Checker v2.0.0.OBJ
 0001:0000c134       ___vba@09D46860            0040d134     SKKU Notice Checker v2.0.0.OBJ
 0001:0000c154       ___vba@09D46898            0040d154     SKKU Notice Checker v2.0.0.OBJ
 0001:0000c180       ___vba@09D468B4            0040d180     SKKU Notice Checker v2.0.0.OBJ
 0001:0000c1a0       ___vba@09D468EC            0040d1a0     SKKU Notice Checker v2.0.0.OBJ
 0001:0000c1c8       ___vba@09D46904            0040d1c8     SKKU Notice Checker v2.0.0.OBJ
 0001:0000c1e8       ___vba@09D4693C            0040d1e8     SKKU Notice Checker v2.0.0.OBJ
 0001:0000c20c       ___vba@09D46950            0040d20c     SKKU Notice Checker v2.0.0.OBJ
 0001:0000c22c       ___vba@09D46988            0040d22c     SKKU Notice Checker v2.0.0.OBJ
[...]
 0001:000253e0       ?Depth__Let@clsShadow@@AAGXXZ 004263e0 f   clsShadow.OBJ
 0001:00025450       ?Transparency__Get@clsShadow@@AAGXXZ 00426450 f   clsShadow.OBJ
 0001:000254c0       ?Transparency__Let@clsShadow@@AAGXXZ 004264c0 f   clsShadow.OBJ
 0001:00025530       ?Shadow@clsShadow@@AAGXXZ  00426530 f   clsShadow.OBJ
 0001:00025800       ?CheckEnvironment@clsShadow@@AAGXXZ 00426800 f   clsShadow.OBJ
 0001:000258e0       ?CreateWindows@clsShadow@@AAGXXZ 004268e0 f   clsShadow.OBJ
 0001:00025ad0       ?DisplayShadows@clsShadow@@AAGXXZ 00426ad0 f   clsShadow.OBJ
 0001:00025b70       ?DisplayShadowSub@clsShadow@@AAGXXZ 00426b70 f   clsShadow.OBJ
 0001:00026fe0       ?IsLuna@clsShadow@@AAGXXZ  00427fe0 f   clsShadow.OBJ
 0001:00027200       ?MakeBGRA@clsShadow@@AAGXXZ 00428200 f   clsShadow.OBJ
 0001:00027320       ?Show@clsShadow@@AAGXXZ    00428320 f   clsShadow.OBJ
 0001:00027390       ?SizePos@clsShadow@@AAGXXZ 00428390 f   clsShadow.OBJ
 0001:000274b0       ?ssc_Subclass@clsShadow@@AAGXXZ 004284b0 f   clsShadow.OBJ
 0001:00028140       ?ssc_Terminate@clsShadow@@AAGXXZ 00429140 f   clsShadow.OBJ
 0001:00028160       ?ssc_AddMsg@clsShadow@@AAGXXZ 00429160 f   clsShadow.OBJ
 0001:000283a0       ?zAddMsg@clsShadow@@AAGXXZ 004293a0 f   clsShadow.OBJ
 0001:00028500       ?zDelMsg@clsShadow@@AAGXXZ 00429500 f   clsShadow.OBJ
 0001:000285b0       ?zMap_VFunction@clsShadow@@AAGXXZ 004295b0 f   clsShadow.OBJ
 0001:00028870       ?zData__Get@clsShadow@@AAGXXZ 00429870 f   clsShadow.OBJ
 0001:000288c0       ?zData__Let@clsShadow@@AAGXXZ 004298c0 f   clsShadow.OBJ
 0001:00028900       ?zError@clsShadow@@AAGXXZ  00429900 f   clsShadow.OBJ
 0001:00028960       ?zFnAddr@clsShadow@@AAGXXZ 00429960 f   clsShadow.OBJ
 0001:00028ac0       ?zAddressOf@clsShadow@@AAGXXZ 00429ac0 f   clsShadow.OBJ
 0001:00028ce0       ?zProbe@clsShadow@@AAGXXZ  00429ce0 f   clsShadow.OBJ
 0001:00028dc0       ?zInIDE@clsShadow@@AAGXXZ  00429dc0 f   clsShadow.OBJ
 0001:00028dc0       ?Subclass_SetTrue@jcbutton@@AAGXXZ 00429dc0 f   clsShadow.OBJ
 0001:00028de0       ?zUnThunk@clsShadow@@AAGXXZ 00429de0 f   clsShadow.OBJ
 0001:00028fc0       ?zTerminateThunks@clsShadow@@AAGXXZ 00429fc0 f   clsShadow.OBJ
 0001:00029190       ?myWndProc@clsShadow@@AAGXXZ 0042a190 f   clsShadow.OBJ
 0001:000292a0       ?DrawLineApi@jcbutton@@AAGXXZ 0042a2a0 f   jcButton.OBJ
 0001:000293d0       ?BlendColorEx@jcbutton@@AAGXXZ 0042a3d0 f   jcButton.OBJ
 0001:00029520       ?BlendColors@jcbutton@@AAGXXZ 0042a520 f   jcButton.OBJ
 0001:00029680       ?DrawRectangle@jcbutton@@AAGXXZ 0042a680 f   jcButton.OBJ
 0001:00029740       ?DrawFocusRectangle@jcbutton@@AAGXXZ 0042a740 f   jcButton.OBJ
 0001:000297d0       ?TransBlt@jcbutton@@AAGXXZ 0042a7d0 f   jcButton.OBJ
 0001:0002b170       ?TransBlt32@jcbutton@@AAGXXZ 0042c170 f   jcButton.OBJ
 0001:0002c960       ?Lighten@jcbutton@@AAGXXZ  0042d960 f   jcButton.OBJ
 0001:0002c9c0       ?Darken@jcbutton@@AAGXXZ   0042d9c0 f   jcButton.OBJ
 0001:0002ca00       ?DrawGradientEx@jcbutton@@AAGXXZ 0042da00 f   jcButton.OBJ
 0001:0002d360       ?TranslateColor@jcbutton@@AAGXXZ 0042e360 f   jcButton.OBJ
 0001:0002d3b0       ?RedrawButton@jcbutton@@AAGXXZ 0042e3b0 f   jcButton.OBJ
 0001:0002d650       ?CreateRegion@jcbutton@@AAGXXZ 0042e650 f   jcButton.OBJ
 0001:0002d810       ?DrawSymbol@jcbutton@@AAGXXZ 0042e810 f   jcButton.OBJ
 0001:0002d950       ?BuildSymbolFont@jcbutton@@AAGXXZ 0042e950 f   jcButton.OBJ
 0001:0002da50       ?DrawPicwithCaption@jcbutton@@AAGXXZ 0042ea50 f   jcButton.OBJ
 0001:0002ea70       ?CalcPicRects@jcbutton@@AAGXXZ 0042fa70 f   jcButton.OBJ
 0001:0002eeb0       ?DrawPicture@jcbutton@@AAGXXZ 0042feb0 f   jcButton.OBJ
 0001:0002f0f0       ?DrawPicShadow@jcbutton@@AAGXXZ 004300f0 f   jcButton.OBJ
 0001:0002f280       ?DrawCaptionEffect@jcbutton@@AAGXXZ 00430280 f   jcButton.OBJ
 0001:0002f720       ?DrawCaptionEx@jcbutton@@AAGXXZ 00430720 f   jcButton.OBJ
 0001:0002fa80       ?UncheckAllValues@jcbutton@@AAGXXZ 00430a80 f   jcButton.OBJ
 0001:0002fd50       ?SetAccessKey@jcbutton@@AAGXXZ 00430d50 f   jcButton.OBJ
 0001:00030010       ?DrawCorners@jcbutton@@AAGXXZ 00431010 f   jcButton.OBJ
 0001:000301b0       ?DrawStandardButton@jcbutton@@AAGXXZ 004311b0 f   jcButton.OBJ
 0001:00030f70       ?DrawXPToolbar@jcbutton@@AAGXXZ 00431f70 f   jcButton.OBJ
 0001:000319e0       ?DrawWinXPButton@jcbutton@@AAGXXZ 004329e0 f   jcButton.OBJ
 0001:00033b90       ?DrawOfficeXP@jcbutton@@AAGXXZ 00434b90 f   jcButton.OBJ
 0001:00033f60       ?DrawInstallShieldButton@jcbutton@@AAGXXZ 00434f60 f   jcButton.OBJ
 0001:000349a0       ?DrawGelButton@jcbutton@@AAGXXZ 004359a0 f   jcButton.OBJ
 0001:00035210       ?DrawVistaToolbarStyle@jcbutton@@AAGXXZ 00436210 f   jcButton.OBJ
 0001:000356e0       ?DrawVistaButton@jcbutton@@AAGXXZ 004366e0 f   jcButton.OBJ
 0001:00036950       ?DrawOutlook2007@jcbutton@@AAGXXZ 00437950 f   jcButton.OBJ
 0001:000372d0       ?DrawOffice2003@jcbutton@@AAGXXZ 004382d0 f   jcButton.OBJ
 0001:00037750       ?WindowsThemeButton@jcbutton@@AAGXXZ 00438750 f   jcButton.OBJ
 0001:000378a0       ?DrawTheme@jcbutton@@AAGXXZ 004388a0 f   jcButton.OBJ
 0001:00037a70       ?PaintRect@jcbutton@@AAGXXZ 00438a70 f   jcButton.OBJ
 0001:00037b50       ?ShowPopupMenu@jcbutton@@AAGXXZ 00438b50 f   jcButton.OBJ
 0001:00037f40       ?ShiftColor@jcbutton@@AAGXXZ 00438f40 f   jcButton.OBJ
 0001:00038090       ?UserControl_AccessKeyPress@jcbutton@@AAGXXZ 00439090 f   jcButton.OBJ
 0001:000381a0       ?UserControl_AmbientChanged@jcbutton@@AAGXXZ 004391a0 f   jcButton.OBJ
 0001:000382c0       ?UserControl_DblClick@jcbutton@@AAGXXZ 004392c0 f   jcButton.OBJ
 0001:00038400       ?UserControl_GotFocus@jcbutton@@AAGXXZ 00439400 f   jcButton.OBJ
 0001:00038470       ?UserControl_Hide@jcbutton@@AAGXXZ 00439470 f   jcButton.OBJ
 0001:00038560       ?UserControl_Initialize@jcbutton@@AAGXXZ 00439560 f   jcButton.OBJ
 0001:00038740       ?UserControl_InitProperties@jcbutton@@AAGXXZ 00439740 f   jcButton.OBJ
 0001:000389f0       ?UserControl_KeyDown@jcbutton@@AAGXXZ 004399f0 f   jcButton.OBJ
 0001:00038ca0       ?UserControl_KeyPress@jcbutton@@AAGXXZ 00439ca0 f   jcButton.OBJ
 0001:00038d40       ?UserControl_KeyUp@jcbutton@@AAGXXZ 00439d40 f   jcButton.OBJ
 0001:00038ea0       ?UserControl_LostFocus@jcbutton@@AAGXXZ 00439ea0 f   jcButton.OBJ
 0001:00038f60       ?UserControl_MouseDown@jcbutton@@AAGXXZ 00439f60 f   jcButton.OBJ
 0001:00039100       ?CreateToolTip@jcbutton@@AAGXXZ 0043a100 f   jcButton.OBJ
 0001:000398c0       ?InitThemeColors@jcbutton@@AAGXXZ 0043a8c0 f   jcButton.OBJ
 0001:00039920       ?SetThemeColors@jcbutton@@AAGXXZ 0043a920 f   jcButton.OBJ
 0001:00039cc0       ?UserControl_MouseMove@jcbutton@@AAGXXZ 0043acc0 f   jcButton.OBJ
 0001:00039e40       ?UserControl_MouseUp@jcbutton@@AAGXXZ 0043ae40 f   jcButton.OBJ
 0001:0003a0a0       ?UserControl_Resize@jcbutton@@AAGXXZ 0043b0a0 f   jcButton.OBJ
 0001:0003a1d0       ?UserControl_Paint@jcbutton@@AAGXXZ 0043b1d0 f   jcButton.OBJ
 0001:0003a240       ?UserControl_ReadProperties@jcbutton@@AAGXXZ 0043b240 f   jcButton.OBJ
 0001:0003c660       ?UserControl_Show@jcbutton@@AAGXXZ 0043d660 f   jcButton.OBJ
 0001:0003c740       ?UserControl_Terminate@jcbutton@@AAGXXZ 0043d740 f   jcButton.OBJ
 0001:0003c8c0       ?UserControl_WriteProperties@jcbutton@@AAGXXZ 0043d8c0 f   jcButton.OBJ
 0001:0003dc80       ?Is32BitBMP@jcbutton@@AAGXXZ 0043ec80 f   jcButton.OBJ
 0001:0003dd90       ?IsDLLPresent@jcbutton@@AAGXXZ 0043ed90 f   jcButton.OBJ
 0001:0003de70       ?IsThemed__Get@jcbutton@@AAGXXZ 0043ee70 f   jcButton.OBJ
 0001:0003dfb0       ?HasUxTheme__Get@jcbutton@@AAGXXZ 0043efb0 f   jcButton.OBJ
 0001:0003e080       ?IsFunctionSupported@jcbutton@@AAGXXZ 0043f080 f   jcButton.OBJ
 0001:0003e1c0       ?TrackMouseLeave@jcbutton@@AAGXXZ 0043f1c0 f   jcButton.OBJ
 0001:0003e210       ?Subclass_WndProc@jcbutton@@AAGXXZ 0043f210 f   jcButton.OBJ
 0001:0003e360       ?SetPopupMenu@jcbutton@@AAGXXZ 0043f360 f   jcButton.OBJ
 0001:0003e470       ?UnsetPopupMenu@jcbutton@@AAGXXZ 0043f470 f   jcButton.OBJ
 0001:0003e550       ?OpenWebsite@jcbutton@@AAGXXZ 0043f550 f   jcButton.OBJ
 0001:0003e660       ?About@jcbutton@@AAGXXZ    0043f660 f   jcButton.OBJ
 0001:0003e820       ?BackColor__Get@jcbutton@@AAGXXZ 0043f820 f   jcButton.OBJ
 0001:0003e890       ?BackColor__Let@jcbutton@@AAGXXZ 0043f890 f   jcButton.OBJ
 0001:0003e950       ?ButtonStyle__Get@jcbutton@@AAGXXZ 0043f950 f   jcButton.OBJ
 0001:0003e9c0       ?ButtonStyle__Let@jcbutton@@AAGXXZ 0043f9c0 f   jcButton.OBJ
 0001:0003ea90       ?Caption__Get@jcbutton@@AAGXXZ 0043fa90 f   jcButton.OBJ
 0001:0003eb20       ?Caption__Let@jcbutton@@AAGXXZ 0043fb20 f   jcButton.OBJ
 0001:0003ec00       ?CaptionAlign__Get@jcbutton@@AAGXXZ 0043fc00 f   jcButton.OBJ
 0001:0003ec70       ?CaptionAlign__Let@jcbutton@@AAGXXZ 0043fc70 f   jcButton.OBJ
 0001:0003ed20       ?DropDownSymbol__Get@jcbutton@@AAGXXZ 0043fd20 f   jcButton.OBJ
 0001:0003ed90       ?DropDownSymbol__Let@jcbutton@@AAGXXZ 0043fd90 f   jcButton.OBJ
 0001:0003ee40       ?DropDownSeparator__Get@jcbutton@@AAGXXZ 0043fe40 f   jcButton.OBJ
 0001:0003eeb0       ?DropDownSeparator__Let@jcbutton@@AAGXXZ 0043feb0 f   jcButton.OBJ
 0001:0003ef60       ?DisabledPictureMode__Get@jcbutton@@AAGXXZ 0043ff60 f   jcButton.OBJ
 0001:0003efd0       ?DisabledPictureMode__Let@jcbutton@@AAGXXZ 0043ffd0 f   jcButton.OBJ
 0001:0003f080       ?Enabled__Get@jcbutton@@AAGXXZ 00440080 f   jcButton.OBJ
 0001:0003f0f0       ?Enabled__Let@jcbutton@@AAGXXZ 004400f0 f   jcButton.OBJ
 0001:0003f1d0       ?Font__Get@jcbutton@@AAGXXZ 004401d0 f   jcButton.OBJ
 0001:0003f290       ?Font__Set@jcbutton@@AAGXXZ 00440290 f   jcButton.OBJ
 0001:0003f3e0       ?mFont_FontChanged@jcbutton@@AAGXXZ 004403e0 f   jcButton.OBJ
 0001:0003f560       ?ForeColor__Get@jcbutton@@AAGXXZ 00440560 f   jcButton.OBJ
 0001:0003f5d0       ?ForeColor__Let@jcbutton@@AAGXXZ 004405d0 f   jcButton.OBJ
 0001:0003f6a0       ?ForeColorHover__Get@jcbutton@@AAGXXZ 004406a0 f   jcButton.OBJ
 0001:0003f710       ?ForeColorHover__Let@jcbutton@@AAGXXZ 00440710 f   jcButton.OBJ
 0001:0003f7e0       ?HandPointer__Get@jcbutton@@AAGXXZ 004407e0 f   jcButton.OBJ
 0001:0003f850       ?HandPointer__Let@jcbutton@@AAGXXZ 00440850 f   jcButton.OBJ
 0001:0003f930       ?hWnd__Get@jcbutton@@AAGXXZ 00440930 f   jcButton.OBJ
 0001:0003f9c0       ?MaskColor__Get@jcbutton@@AAGXXZ 004409c0 f   jcButton.OBJ
 0001:0003fa30       ?MaskColor__Let@jcbutton@@AAGXXZ 00440a30 f   jcButton.OBJ
 0001:0003fae0       ?Mode__Get@jcbutton@@AAGXXZ 00440ae0 f   jcButton.OBJ
 0001:0003fb50       ?Mode__Let@jcbutton@@AAGXXZ 00440b50 f   jcButton.OBJ
 0001:0003fc50       ?MouseIcon__Get@jcbutton@@AAGXXZ 00440c50 f   jcButton.OBJ
 0001:0003fd20       ?MouseIcon__Set@jcbutton@@AAGXXZ 00440d20 f   jcButton.OBJ
 0001:0003fff0       ?MousePointer__Get@jcbutton@@AAGXXZ 00440ff0 f   jcButton.OBJ
 0001:00040090       ?MousePointer__Let@jcbutton@@AAGXXZ 00441090 f   jcButton.OBJ
 0001:00040160       ?PictureNormal__Get@jcbutton@@AAGXXZ 00441160 f   jcButton.OBJ
 0001:000401f0       ?PictureNormal__Set@jcbutton@@AAGXXZ 004411f0 f   jcButton.OBJ
 0001:000403d0       ?PictureHot__Get@jcbutton@@AAGXXZ 004413d0 f   jcButton.OBJ
 0001:00040460       ?PictureHot__Set@jcbutton@@AAGXXZ 00441460 f   jcButton.OBJ
 0001:00040590       ?PictureDown__Get@jcbutton@@AAGXXZ 00441590 f   jcButton.OBJ
 0001:00040620       ?PictureDown__Set@jcbutton@@AAGXXZ 00441620 f   jcButton.OBJ
 0001:00040750       ?PictureAlign__Get@jcbutton@@AAGXXZ 00441750 f   jcButton.OBJ
 0001:000407c0       ?PictureAlign__Let@jcbutton@@AAGXXZ 004417c0 f   jcButton.OBJ
 0001:00040880       ?PictureShadow__Get@jcbutton@@AAGXXZ 00441880 f   jcButton.OBJ
 0001:000408f0       ?PictureShadow__Let@jcbutton@@AAGXXZ 004418f0 f   jcButton.OBJ
 0001:000409a0       ?PictureEffectOnOver__Get@jcbutton@@AAGXXZ 004419a0 f   jcButton.OBJ
 0001:00040a10       ?PictureEffectOnOver__Let@jcbutton@@AAGXXZ 00441a10 f   jcButton.OBJ
 0001:00040ac0       ?PictureEffectOnDown__Get@jcbutton@@AAGXXZ 00441ac0 f   jcButton.OBJ
 0001:00040b30       ?PictureEffectOnDown__Let@jcbutton@@AAGXXZ 00441b30 f   jcButton.OBJ
 0001:00040be0       ?PicturePushOnHover__Get@jcbutton@@AAGXXZ 00441be0 f   jcButton.OBJ
 0001:00040c50       ?PicturePushOnHover__Let@jcbutton@@AAGXXZ 00441c50 f   jcButton.OBJ
 0001:00040d00       ?PictureOpacity__Get@jcbutton@@AAGXXZ 00441d00 f   jcButton.OBJ
 0001:00040d70       ?PictureOpacity__Let@jcbutton@@AAGXXZ 00441d70 f   jcButton.OBJ
 0001:00040e20       ?PictureOpacityOnOver__Get@jcbutton@@AAGXXZ 00441e20 f   jcButton.OBJ
 0001:00040e90       ?PictureOpacityOnOver__Let@jcbutton@@AAGXXZ 00441e90 f   jcButton.OBJ
 0001:00040f40       ?RightToLeft__Get@jcbutton@@AAGXXZ 00441f40 f   jcButton.OBJ
 0001:00040fb0       ?RightToLeft__Let@jcbutton@@AAGXXZ 00441fb0 f   jcButton.OBJ
 0001:00041070       ?CaptionEffects__Get@jcbutton@@AAGXXZ 00442070 f   jcButton.OBJ
 0001:000410e0       ?CaptionEffects__Let@jcbutton@@AAGXXZ 004420e0 f   jcButton.OBJ
 0001:00041190       ?ShowFocusRect__Get@jcbutton@@AAGXXZ 00442190 f   jcButton.OBJ
 0001:00041200       ?ShowFocusRect__Let@jcbutton@@AAGXXZ 00442200 f   jcButton.OBJ
 0001:000412b0       ?UseMaskColor__Get@jcbutton@@AAGXXZ 004422b0 f   jcButton.OBJ
 0001:00041320       ?UseMaskColor__Let@jcbutton@@AAGXXZ 00442320 f   jcButton.OBJ
 0001:000413f0       ?Value__Get@jcbutton@@AAGXXZ 004423f0 f   jcButton.OBJ
 0001:00041460       ?Value__Let@jcbutton@@AAGXXZ 00442460 f   jcButton.OBJ
 0001:00041530       ?TooltipTitle__Get@jcbutton@@AAGXXZ 00442530 f   jcButton.OBJ
 0001:000415c0       ?TooltipTitle__Let@jcbutton@@AAGXXZ 004425c0 f   jcButton.OBJ
 0001:00041690       ?ToolTip__Get@jcbutton@@AAGXXZ 00442690 f   jcButton.OBJ
 0001:00041720       ?ToolTip__Let@jcbutton@@AAGXXZ 00442720 f   jcButton.OBJ
 0001:000417f0       ?TooltipBackColor__Get@jcbutton@@AAGXXZ 004427f0 f   jcButton.OBJ
 0001:00041860       ?TooltipBackColor__Let@jcbutton@@AAGXXZ 00442860 f   jcButton.OBJ
 0001:00041910       ?ToolTipIcon__Let@jcbutton@@AAGXXZ 00442910 f   jcButton.OBJ
 0001:000419c0       ?ToolTipIcon__Get@jcbutton@@AAGXXZ 004429c0 f   jcButton.OBJ
 0001:00041a30       ?ToolTipType__Get@jcbutton@@AAGXXZ 00442a30 f   jcButton.OBJ
 0001:00041aa0       ?ToolTipType__Let@jcbutton@@AAGXXZ 00442aa0 f   jcButton.OBJ
 0001:00041b50       ?ColorScheme__Get@jcbutton@@AAGXXZ 00442b50 f   jcButton.OBJ
 0001:00041bc0       ?ColorScheme__Let@jcbutton@@AAGXXZ 00442bc0 f   jcButton.OBJ
 0001:00041c80       ?Subclass_AddrFunc@jcbutton@@AAGXXZ 00442c80 f   jcButton.OBJ
 0001:00041d80       ?Subclass_Index@jcbutton@@AAGXXZ 00442d80 f   jcButton.OBJ
 0001:00041e70       ?Subclass_InIDE@jcbutton@@AAGXXZ 00442e70 f   jcButton.OBJ
 0001:00041e80       ?Subclass_Initialize@jcbutton@@AAGXXZ 00442e80 f   jcButton.OBJ
 0001:00042300       ?Subclass_AddMsg@jcbutton@@AAGXXZ 00443300 f   jcButton.OBJ
 0001:00042410       ?Subclass_DelMsg@jcbutton@@AAGXXZ 00443410 f   jcButton.OBJ
 0001:00042520       ?Subclass_DoAddMsg@jcbutton@@AAGXXZ 00443520 f   jcButton.OBJ
 0001:00042930       ?Subclass_DoDelMsg@jcbutton@@AAGXXZ 00443930 f   jcButton.OBJ
 0001:00042a40       ?Subclass_PatchRel@jcbutton@@AAGXXZ 00443a40 f   jcButton.OBJ
 0001:00042a80       ?Subclass_PatchVal@jcbutton@@AAGXXZ 00443a80 f   jcButton.OBJ
 0001:00042ab0       ?Subclass_Stop@jcbutton@@AAGXXZ 00443ab0 f   jcButton.OBJ
 0001:00042be0       ?Subclass_Terminate@jcbutton@@AAGXXZ 00443be0 f   jcButton.OBJ
 0001:00042ca0       ?FadeIN@modFade@@AAGXXZ    00443ca0 f   modFade.OBJ
 0001:00042fc0       ?FadeOUT@modFade@@AAGXXZ   00443fc0 f   modFade.OBJ
 0001:00043250       ?GoTray@frmTray@@AAGXXZ    00444250 f   frmTray.OBJ
 0001:000433e0       ?Form_Resize@frmTray@@AAGXXZ 004443e0 f   frmTray.OBJ
 0001:00043530       ?mabout_Click@frmTray@@AAGXXZ 00444530 f   frmTray.OBJ
 0001:00043530       ?chkTray_Click@FrmSetting@@AAGXXZ 00444530 f   frmTray.OBJ
 0001:00043530       ?mopen_Click@frmTray@@AAGXXZ 00444530 f   frmTray.OBJ
 0001:00043530       ?chkAs_Click@FrmSetting@@AAGXXZ 00444530 f   frmTray.OBJ
 0001:00043540       ?TrayChk@frmTray@@AAGXXZ   00444540 f   frmTray.OBJ
 0001:00043700       ?mquit_Click@frmTray@@AAGXXZ 00444700 f   frmTray.OBJ
 0001:00043710       ?mnuabout_Click@frmTray@@AAGXXZ 00444710 f   frmTray.OBJ
 0001:00043880       ?mnuquit_Click@frmTray@@AAGXXZ 00444880 f   frmTray.OBJ
 0001:00043970       ?mnuref_Click@frmTray@@AAGXXZ 00444970 f   frmTray.OBJ
 0001:00043a40       ?mnushow_Click@frmTray@@AAGXXZ 00444a40 f   frmTray.OBJ
 0001:00043ba0       ?CallbackMsgs@modTray@@AAGXXZ 00444ba0 f   modTray.OBJ
 0001:000440e0       ?ShowTip@modTray@@AAGXXZ   004450e0 f   modTray.OBJ
 0001:00044250       ?CreatTray@modTray@@AAGXXZ 00445250 f   modTray.OBJ
 0001:00044540       ?UnloadTray@modTray@@AAGXXZ 00445540 f   modTray.OBJ
 0001:00044640       ?form_load@frmBrswer@@AAGXXZ 00445640 f   frmBrswer.OBJ
 0001:00044840       ?chk_Click@FrmSetting@@AAGXXZ 00445840 f   FrmSetting.OBJ
 0001:00044ab0       ?form_load@FrmSetting@@AAGXXZ 00445ab0 f   FrmSetting.OBJ
 0001:00045510       ?form_unload@FrmSetting@@AAGXXZ 00446510 f   FrmSetting.OBJ
 0001:00045d50       ?Startup@Start_Program@@AAGXXZ 00446d50 f   start_program.OBJ
 0001:00045fb0       ?StartUPDelete@Start_Program@@AAGXXZ 00446fb0 f   start_program.OBJ
 0001:00046390       VB@ETXT                    00447390     SKKU Notice Checker v2.0.0.OBJ
 0002:00000000       __adjust_fdiv              00448000     VBAEXE6:natsupp.obj
 0002:00000008       VB@BSS                     00448008     SKKU Notice Checker v2.0.0.OBJ
 0002:00000010       ___vba@0A09EBD8            00448010     SKKU Notice Checker v2.0.0.OBJ
 0002:00000024       ___vba@0A09EC08            00448024     SKKU Notice Checker v2.0.0.OBJ
 0002:00000038       ___vba@0A09EC50            00448038     SKKU Notice Checker v2.0.0.OBJ
 0002:0000004c       ___vba@0A09EC20            0044804c     SKKU Notice Checker v2.0.0.OBJ
 0002:00000060       _modFade                   00448060     SKKU Notice Checker v2.0.0.OBJ
 0002:00000070       ___vba@0A09EBF0            00448070     SKKU Notice Checker v2.0.0.OBJ
 0002:00000084       ___vba@0A09EBC0            00448084     SKKU Notice Checker v2.0.0.OBJ
 0002:00000098       ___vba@0A09EB90            00448098     SKKU Notice Checker v2.0.0.OBJ
 0002:000000ac       ___vba@0A09EBA8            004480ac     SKKU Notice Checker v2.0.0.OBJ
 0002:000000c0       _MethodAppIcon             004480c0     SKKU Notice Checker v2.0.0.OBJ
 0002:000000d0       _modTray                   004480d0     SKKU Notice Checker v2.0.0.OBJ
 0002:00000494       _Start_Program             00448494     SKKU Notice Checker v2.0.0.OBJ
 0002:000004a4       _ModReg                    004484a4     SKKU Notice Checker v2.0.0.OBJ
 0002:00000d0c       ___vba@09D463E8            00448d0c     SKKU Notice Checker v2.0.0.OBJ
 0002:000010d4       ___vba@06A57FFC            004490d4     SKKU Notice Checker v2.0.0.OBJ
 0002:000017dc       ___vba@0802E2FC            004497dc     SKKU Notice Checker v2.0.0.OBJ
 0002:00001ef4       ___vba@0B8FE85C            00449ef4     SKKU Notice Checker v2.0.0.OBJ
 0002:00002620       ___vba@0B8F147C            0044a620     SKKU Notice Checker v2.0.0.OBJ
 0002:000026cc       ___vba@0B61BFF4            0044a6cc     SKKU Notice Checker v2.0.0.OBJ
 0002:00002e48       ___vba@0B8D909C            0044ae48     SKKU Notice Checker v2.0.0.OBJ
 0002:00003618       ___vba@07F87E74            0044b618     SKKU Notice Checker v2.0.0.OBJ
 0002:0000405c       ___vba@0BBBA69C            0044c05c     SKKU Notice Checker v2.0.0.OBJ

 entry point at        0001:00001b78

 Static symbols


 80 bytes saved through ICF

